Archive member included to satisfy reference by file (symbol)

c:/st/stm32cubeide_1.6.1/stm32cubeide/plugins/com.st.stm32cube.ide.mcu.externaltools.gnu-tools-for-stm32.9-2020-q2-update.win32_2.0.0.202105311346/tools/bin/../lib/gcc/arm-none-eabi/9.3.1/../../../../arm-none-eabi/lib/thumb/v7e-m+dp/hard\libc_nano.a(lib_a-errno.o)
                              ./Core/Src/syscalls.o (__errno)
c:/st/stm32cubeide_1.6.1/stm32cubeide/plugins/com.st.stm32cube.ide.mcu.externaltools.gnu-tools-for-stm32.9-2020-q2-update.win32_2.0.0.202105311346/tools/bin/../lib/gcc/arm-none-eabi/9.3.1/../../../../arm-none-eabi/lib/thumb/v7e-m+dp/hard\libc_nano.a(lib_a-exit.o)
                              c:/st/stm32cubeide_1.6.1/stm32cubeide/plugins/com.st.stm32cube.ide.mcu.externaltools.gnu-tools-for-stm32.9-2020-q2-update.win32_2.0.0.202105311346/tools/bin/../lib/gcc/arm-none-eabi/9.3.1/../../../../arm-none-eabi/lib/thumb/v7e-m+dp/hard/crt0.o (exit)
c:/st/stm32cubeide_1.6.1/stm32cubeide/plugins/com.st.stm32cube.ide.mcu.externaltools.gnu-tools-for-stm32.9-2020-q2-update.win32_2.0.0.202105311346/tools/bin/../lib/gcc/arm-none-eabi/9.3.1/../../../../arm-none-eabi/lib/thumb/v7e-m+dp/hard\libc_nano.a(lib_a-impure.o)
                              c:/st/stm32cubeide_1.6.1/stm32cubeide/plugins/com.st.stm32cube.ide.mcu.externaltools.gnu-tools-for-stm32.9-2020-q2-update.win32_2.0.0.202105311346/tools/bin/../lib/gcc/arm-none-eabi/9.3.1/../../../../arm-none-eabi/lib/thumb/v7e-m+dp/hard\libc_nano.a(lib_a-exit.o) (_global_impure_ptr)
c:/st/stm32cubeide_1.6.1/stm32cubeide/plugins/com.st.stm32cube.ide.mcu.externaltools.gnu-tools-for-stm32.9-2020-q2-update.win32_2.0.0.202105311346/tools/bin/../lib/gcc/arm-none-eabi/9.3.1/../../../../arm-none-eabi/lib/thumb/v7e-m+dp/hard\libc_nano.a(lib_a-init.o)
                              c:/st/stm32cubeide_1.6.1/stm32cubeide/plugins/com.st.stm32cube.ide.mcu.externaltools.gnu-tools-for-stm32.9-2020-q2-update.win32_2.0.0.202105311346/tools/bin/../lib/gcc/arm-none-eabi/9.3.1/../../../../arm-none-eabi/lib/thumb/v7e-m+dp/hard/crt0.o (__libc_init_array)
c:/st/stm32cubeide_1.6.1/stm32cubeide/plugins/com.st.stm32cube.ide.mcu.externaltools.gnu-tools-for-stm32.9-2020-q2-update.win32_2.0.0.202105311346/tools/bin/../lib/gcc/arm-none-eabi/9.3.1/../../../../arm-none-eabi/lib/thumb/v7e-m+dp/hard\libc_nano.a(lib_a-memset.o)
                              c:/st/stm32cubeide_1.6.1/stm32cubeide/plugins/com.st.stm32cube.ide.mcu.externaltools.gnu-tools-for-stm32.9-2020-q2-update.win32_2.0.0.202105311346/tools/bin/../lib/gcc/arm-none-eabi/9.3.1/../../../../arm-none-eabi/lib/thumb/v7e-m+dp/hard/crt0.o (memset)
c:/st/stm32cubeide_1.6.1/stm32cubeide/plugins/com.st.stm32cube.ide.mcu.externaltools.gnu-tools-for-stm32.9-2020-q2-update.win32_2.0.0.202105311346/tools/bin/../lib/gcc/arm-none-eabi/9.3.1/../../../../arm-none-eabi/lib/thumb/v7e-m+dp/hard\libc_nano.a(lib_a-nano-vfprintf_float.o)
                              (_printf_float)
c:/st/stm32cubeide_1.6.1/stm32cubeide/plugins/com.st.stm32cube.ide.mcu.externaltools.gnu-tools-for-stm32.9-2020-q2-update.win32_2.0.0.202105311346/tools/bin/../lib/gcc/arm-none-eabi/9.3.1/../../../../arm-none-eabi/lib/thumb/v7e-m+dp/hard\libc_nano.a(lib_a-nano-vfprintf_i.o)
                              c:/st/stm32cubeide_1.6.1/stm32cubeide/plugins/com.st.stm32cube.ide.mcu.externaltools.gnu-tools-for-stm32.9-2020-q2-update.win32_2.0.0.202105311346/tools/bin/../lib/gcc/arm-none-eabi/9.3.1/../../../../arm-none-eabi/lib/thumb/v7e-m+dp/hard\libc_nano.a(lib_a-nano-vfprintf_float.o) (_printf_common)
c:/st/stm32cubeide_1.6.1/stm32cubeide/plugins/com.st.stm32cube.ide.mcu.externaltools.gnu-tools-for-stm32.9-2020-q2-update.win32_2.0.0.202105311346/tools/bin/../lib/gcc/arm-none-eabi/9.3.1/../../../../arm-none-eabi/lib/thumb/v7e-m+dp/hard\libc_nano.a(lib_a-sprintf.o)
                              ./Core/Src/main.o (sprintf)
c:/st/stm32cubeide_1.6.1/stm32cubeide/plugins/com.st.stm32cube.ide.mcu.externaltools.gnu-tools-for-stm32.9-2020-q2-update.win32_2.0.0.202105311346/tools/bin/../lib/gcc/arm-none-eabi/9.3.1/../../../../arm-none-eabi/lib/thumb/v7e-m+dp/hard\libc_nano.a(lib_a-strlen.o)
                              ./Core/Src/main.o (strlen)
c:/st/stm32cubeide_1.6.1/stm32cubeide/plugins/com.st.stm32cube.ide.mcu.externaltools.gnu-tools-for-stm32.9-2020-q2-update.win32_2.0.0.202105311346/tools/bin/../lib/gcc/arm-none-eabi/9.3.1/../../../../arm-none-eabi/lib/thumb/v7e-m+dp/hard\libc_nano.a(lib_a-dtoa.o)
                              c:/st/stm32cubeide_1.6.1/stm32cubeide/plugins/com.st.stm32cube.ide.mcu.externaltools.gnu-tools-for-stm32.9-2020-q2-update.win32_2.0.0.202105311346/tools/bin/../lib/gcc/arm-none-eabi/9.3.1/../../../../arm-none-eabi/lib/thumb/v7e-m+dp/hard\libc_nano.a(lib_a-nano-vfprintf_float.o) (_dtoa_r)
[...]
Memory Configuration

Name             Origin             Length             Attributes
RAM              0x0000000020000000 0x0000000000080000 xrw
FLASH            0x0000000008000000 0x0000000000200000 xr
*default*        0x0000000000000000 0xffffffffffffffff

Linker script and memory map

LOAD c:/st/stm32cubeide_1.6.1/stm32cubeide/plugins/com.st.stm32cube.ide.mcu.externaltools.gnu-tools-for-stm32.9-2020-q2-update.win32_2.0.0.202105311346/tools/bin/../lib/gcc/arm-none-eabi/9.3.1/thumb/v7e-m+dp/hard/crti.o
LOAD c:/st/stm32cubeide_1.6.1/stm32cubeide/plugins/com.st.stm32cube.ide.mcu.externaltools.gnu-tools-for-stm32.9-2020-q2-update.win32_2.0.0.202105311346/tools/bin/../lib/gcc/arm-none-eabi/9.3.1/thumb/v7e-m+dp/hard/crtbegin.o
LOAD c:/st/stm32cubeide_1.6.1/stm32cubeide/plugins/com.st.stm32cube.ide.mcu.externaltools.gnu-tools-for-stm32.9-2020-q2-update.win32_2.0.0.202105311346/tools/bin/../lib/gcc/arm-none-eabi/9.3.1/../../../../arm-none-eabi/lib/thumb/v7e-m+dp/hard/crt0.o
LOAD ./Core/Src/gpio.o
LOAD ./Core/Src/i2c.o
LOAD ./Core/Src/main.o
LOAD ./Core/Src/rng.o
LOAD ./Core/Src/spi.o
LOAD ./Core/Src/stm32f7xx_hal_msp.o
LOAD ./Core/Src/stm32f7xx_it.o
LOAD ./Core/Src/syscalls.o
LOAD ./Core/Src/sysmem.o
LOAD ./Core/Src/system_stm32f7xx.o
LOAD ./Core/Src/tim.o
LOAD ./Core/Src/usart.o
LOAD ./Core/Startup/startup_stm32f767zitx.o
LOAD ./Drivers/ILI9341/ILI9341_GFX.o
LOAD ./Drivers/ILI9341/ILI9341_STM32_Driver.o
LOAD ./Drivers/ILI9341/ILI9341_Touchscreen.o
LOAD ./Drivers/STM32-AM2320-master/am2320.o
LOAD ./Drivers/STM32F7xx_HAL_Driver/Src/stm32f7xx_hal.o
LOAD ./Drivers/STM32F7xx_HAL_Driver/Src/stm32f7xx_hal_cortex.o
LOAD ./Drivers/STM32F7xx_HAL_Driver/Src/stm32f7xx_hal_dma.o
LOAD ./Drivers/STM32F7xx_HAL_Driver/Src/stm32f7xx_hal_dma_ex.o
LOAD ./Drivers/STM32F7xx_HAL_Driver/Src/stm32f7xx_hal_exti.o
LOAD ./Drivers/STM32F7xx_HAL_Driver/Src/stm32f7xx_hal_flash.o
LOAD ./Drivers/STM32F7xx_HAL_Driver/Src/stm32f7xx_hal_flash_ex.o
LOAD ./Drivers/STM32F7xx_HAL_Driver/Src/stm32f7xx_hal_gpio.o
LOAD ./Drivers/STM32F7xx_HAL_Driver/Src/stm32f7xx_hal_i2c.o
LOAD ./Drivers/STM32F7xx_HAL_Driver/Src/stm32f7xx_hal_i2c_ex.o
LOAD ./Drivers/STM32F7xx_HAL_Driver/Src/stm32f7xx_hal_pwr.o
LOAD ./Drivers/STM32F7xx_HAL_Driver/Src/stm32f7xx_hal_pwr_ex.o
LOAD ./Drivers/STM32F7xx_HAL_Driver/Src/stm32f7xx_hal_rcc.o
LOAD ./Drivers/STM32F7xx_HAL_Driver/Src/stm32f7xx_hal_rcc_ex.o
LOAD ./Drivers/STM32F7xx_HAL_Driver/Src/stm32f7xx_hal_rng.o
LOAD ./Drivers/STM32F7xx_HAL_Driver/Src/stm32f7xx_hal_spi.o
LOAD ./Drivers/STM32F7xx_HAL_Driver/Src/stm32f7xx_hal_spi_ex.o
LOAD ./Drivers/STM32F7xx_HAL_Driver/Src/stm32f7xx_hal_tim.o
LOAD ./Drivers/STM32F7xx_HAL_Driver/Src/stm32f7xx_hal_tim_ex.o
LOAD ./Drivers/STM32F7xx_HAL_Driver/Src/stm32f7xx_hal_uart.o
LOAD ./Drivers/STM32F7xx_HAL_Driver/Src/stm32f7xx_hal_uart_ex.o
START GROUP
LOAD c:/st/stm32cubeide_1.6.1/stm32cubeide/plugins/com.st.stm32cube.ide.mcu.externaltools.gnu-tools-for-stm32.9-2020-q2-update.win32_2.0.0.202105311346/tools/bin/../lib/gcc/arm-none-eabi/9.3.1/../../../../arm-none-eabi/lib/thumb/v7e-m+dp/hard\libc_nano.a
LOAD c:/st/stm32cubeide_1.6.1/stm32cubeide/plugins/com.st.stm32cube.ide.mcu.externaltools.gnu-tools-for-stm32.9-2020-q2-update.win32_2.0.0.202105311346/tools/bin/../lib/gcc/arm-none-eabi/9.3.1/../../../../arm-none-eabi/lib/thumb/v7e-m+dp/hard\libm.a
END GROUP
START GROUP
LOAD c:/st/stm32cubeide_1.6.1/stm32cubeide/plugins/com.st.stm32cube.ide.mcu.externaltools.gnu-tools-for-stm32.9-2020-q2-update.win32_2.0.0.202105311346/tools/bin/../lib/gcc/arm-none-eabi/9.3.1/thumb/v7e-m+dp/hard\libgcc.a
LOAD c:/st/stm32cubeide_1.6.1/stm32cubeide/plugins/com.st.stm32cube.ide.mcu.externaltools.gnu-tools-for-stm32.9-2020-q2-update.win32_2.0.0.202105311346/tools/bin/../lib/gcc/arm-none-eabi/9.3.1/../../../../arm-none-eabi/lib/thumb/v7e-m+dp/hard\libc_nano.a
END GROUP
START GROUP
LOAD c:/st/stm32cubeide_1.6.1/stm32cubeide/plugins/com.st.stm32cube.ide.mcu.externaltools.gnu-tools-for-stm32.9-2020-q2-update.win32_2.0.0.202105311346/tools/bin/../lib/gcc/arm-none-eabi/9.3.1/thumb/v7e-m+dp/hard\libgcc.a
LOAD c:/st/stm32cubeide_1.6.1/stm32cubeide/plugins/com.st.stm32cube.ide.mcu.externaltools.gnu-tools-for-stm32.9-2020-q2-update.win32_2.0.0.202105311346/tools/bin/../lib/gcc/arm-none-eabi/9.3.1/../../../../arm-none-eabi/lib/thumb/v7e-m+dp/hard\libc_nano.a
LOAD c:/st/stm32cubeide_1.6.1/stm32cubeide/plugins/com.st.stm32cube.ide.mcu.externaltools.gnu-tools-for-stm32.9-2020-q2-update.win32_2.0.0.202105311346/tools/bin/../lib/gcc/arm-none-eabi/9.3.1/../../../../arm-none-eabi/lib/thumb/v7e-m+dp/hard\libnosys.a
END GROUP
START GROUP
LOAD c:/st/stm32cubeide_1.6.1/stm32cubeide/plugins/com.st.stm32cube.ide.mcu.externaltools.gnu-tools-for-stm32.9-2020-q2-update.win32_2.0.0.202105311346/tools/bin/../lib/gcc/arm-none-eabi/9.3.1/thumb/v7e-m+dp/hard\libgcc.a
LOAD c:/st/stm32cubeide_1.6.1/stm32cubeide/plugins/com.st.stm32cube.ide.mcu.externaltools.gnu-tools-for-stm32.9-2020-q2-update.win32_2.0.0.202105311346/tools/bin/../lib/gcc/arm-none-eabi/9.3.1/../../../../arm-none-eabi/lib/thumb/v7e-m+dp/hard\libc_nano.a
LOAD c:/st/stm32cubeide_1.6.1/stm32cubeide/plugins/com.st.stm32cube.ide.mcu.externaltools.gnu-tools-for-stm32.9-2020-q2-update.win32_2.0.0.202105311346/tools/bin/../lib/gcc/arm-none-eabi/9.3.1/../../../../arm-none-eabi/lib/thumb/v7e-m+dp/hard\libnosys.a
END GROUP
LOAD c:/st/stm32cubeide_1.6.1/stm32cubeide/plugins/com.st.stm32cube.ide.mcu.externaltools.gnu-tools-for-stm32.9-2020-q2-update.win32_2.0.0.202105311346/tools/bin/../lib/gcc/arm-none-eabi/9.3.1/thumb/v7e-m+dp/hard/crtend.o
LOAD c:/st/stm32cubeide_1.6.1/stm32cubeide/plugins/com.st.stm32cube.ide.mcu.externaltools.gnu-tools-for-stm32.9-2020-q2-update.win32_2.0.0.202105311346/tools/bin/../lib/gcc/arm-none-eabi/9.3.1/thumb/v7e-m+dp/hard/crtn.o
                0x0000000020080000                _estack = (ORIGIN (RAM) + LENGTH (RAM))
                0x0000000000000200                _Min_Heap_Size = 0x200
                0x0000000000000400                _Min_Stack_Size = 0x400

.isr_vector     0x0000000008000000      0x1f8
                0x0000000008000000                . = ALIGN (0x4)
 *(.isr_vector)
 .isr_vector    0x0000000008000000      0x1f8 ./Core/Startup/startup_stm32f767zitx.o
                0x0000000008000000                g_pfnVectors
                0x00000000080001f8                . = ALIGN (0x4)

.text           0x0000000008000200     0x9dc8
                0x0000000008000200                . = ALIGN (0x4)
 *(.text)
 .text          0x0000000008000200       0x40 c:/st/stm32cubeide_1.6.1/stm32cubeide/plugins/com.st.stm32cube.ide.mcu.externaltools.gnu-tools-for-stm32.9-2020-q2-update.win32_2.0.0.202105311346/tools/bin/../lib/gcc/arm-none-eabi/9.3.1/thumb/v7e-m+dp/hard/crtbegin.o
 .text          0x0000000008000240       0x10 c:/st/stm32cubeide_1.6.1/stm32cubeide/plugins/com.st.stm32cube.ide.mcu.externaltools.gnu-tools-for-stm32.9-2020-q2-update.win32_2.0.0.202105311346/tools/bin/../lib/gcc/arm-none-eabi/9.3.1/../../../../arm-none-eabi/lib/thumb/v7e-m+dp/hard\libc_nano.a(lib_a-strlen.o)
                0x0000000008000240                strlen
 .text          0x0000000008000250       0xa0 c:/st/stm32cubeide_1.6.1/stm32cubeide/plugins/com.st.stm32cube.ide.mcu.externaltools.gnu-tools-for-stm32.9-2020-q2-update.win32_2.0.0.202105311346/tools/bin/../lib/gcc/arm-none-eabi/9.3.1/../../../../arm-none-eabi/lib/thumb/v7e-m+dp/hard\libc_nano.a(lib_a-memchr.o)
                0x0000000008000250                memchr
 .text          0x00000000080002f0       0x30 c:/st/stm32cubeide_1.6.1/stm32cubeide/plugins/com.st.stm32cube.ide.mcu.externaltools.gnu-tools-for-stm32.9-2020-q2-update.win32_2.0.0.202105311346/tools/bin/../lib/gcc/arm-none-eabi/9.3.1/thumb/v7e-m+dp/hard\libgcc.a(_aeabi_uldivmod.o)
                0x00000000080002f0                __aeabi_uldivmod
 .text          0x0000000008000320      0x2c4 c:/st/stm32cubeide_1.6.1/stm32cubeide/plugins/com.st.stm32cube.ide.mcu.externaltools.gnu-tools-for-stm32.9-2020-q2-update.win32_2.0.0.202105311346/tools/bin/../lib/gcc/arm-none-eabi/9.3.1/thumb/v7e-m+dp/hard\libgcc.a(_udivmoddi4.o)
                0x0000000008000320                __udivmoddi4
 .text          0x00000000080005e4        0x4 c:/st/stm32cubeide_1.6.1/stm32cubeide/plugins/com.st.stm32cube.ide.mcu.externaltools.gnu-tools-for-stm32.9-2020-q2-update.win32_2.0.0.202105311346/tools/bin/../lib/gcc/arm-none-eabi/9.3.1/thumb/v7e-m+dp/hard\libgcc.a(_dvmd_tls.o)
                0x00000000080005e4                __aeabi_idiv0
                0x00000000080005e4                __aeabi_ldiv0
 *(.text*)
 .text.MX_GPIO_Init
                0x00000000080005e8      0x280 ./Core/Src/gpio.o
                0x00000000080005e8                MX_GPIO_Init
 .text.MX_I2C1_Init
                0x0000000008000868       0x80 ./Core/Src/i2c.o
                0x0000000008000868                MX_I2C1_Init
 .text.HAL_I2C_MspInit
                0x00000000080008e8       0x88 ./Core/Src/i2c.o
                0x00000000080008e8                HAL_I2C_MspInit
 .text.SCB_EnableICache
                0x0000000008000970       0x4c ./Core/Src/main.o
 .text.SCB_EnableDCache
                0x00000000080009bc       0x88 ./Core/Src/main.o
 .text.sensirion_bytes_to_float
                0x0000000008000a44       0x20 ./Core/Src/main.o
                0x0000000008000a44                sensirion_bytes_to_float
 .text.wake_sensirion
                0x0000000008000a64       0x7c ./Core/Src/main.o
                0x0000000008000a64                wake_sensirion
 .text.read_sensirion
                0x0000000008000ae0      0x1f8 ./Core/Src/main.o
                0x0000000008000ae0                read_sensirion
 .text.setHorizontalScreen
                0x0000000008000cd8       0x20 ./Core/Src/main.o
                0x0000000008000cd8                setHorizontalScreen
 .text.calculationClock
                0x0000000008000cf8       0x9c ./Core/Src/main.o
                0x0000000008000cf8                calculationClock
 *fill*         0x0000000008000d94        0x4 
 .text.topBarScreen
                0x0000000008000d98       0xa4 ./Core/Src/main.o
                0x0000000008000d98                topBarScreen
 .text.resetPrevNum
                0x0000000008000e3c       0x34 ./Core/Src/main.o
                0x0000000008000e3c                resetPrevNum
 .text.hourScreen
                0x0000000008000e70       0xec ./Core/Src/main.o
                0x0000000008000e70                hourScreen
 *fill*         0x0000000008000f5c        0x4 
 .text.colonScreen
                0x0000000008000f60       0xc4 ./Core/Src/main.o
                0x0000000008000f60                colonScreen
 *fill*         0x0000000008001024        0x4 
 .text.minuteScreen
                0x0000000008001028       0xec ./Core/Src/main.o
                0x0000000008001028                minuteScreen
 *fill*         0x0000000008001114        0x4 
 .text.secondScreen
                0x0000000008001118      0x148 ./Core/Src/main.o
                0x0000000008001118                secondScreen
 .text.displayClockScreen
                0x0000000008001260       0x40 ./Core/Src/main.o
                0x0000000008001260                displayClockScreen
 .text.editHourScreen
                0x00000000080012a0       0x44 ./Core/Src/main.o
                0x00000000080012a0                editHourScreen
 .text.editMinuteScreen
                0x00000000080012e4       0x44 ./Core/Src/main.o
                0x00000000080012e4                editMinuteScreen
 .text.editSecondScreen
                0x0000000008001328       0x44 ./Core/Src/main.o
                0x0000000008001328                editSecondScreen
 *fill*         0x000000000800136c        0x4 
 .text.bottomBarScreen
                0x0000000008001370      0x2f8 ./Core/Src/main.o
                0x0000000008001370                bottomBarScreen
 .text.buzzerSound
                0x0000000008001668       0x2c ./Core/Src/main.o
                0x0000000008001668                buzzerSound
 .text.assignmentTwo
                0x0000000008001694       0xb4 ./Core/Src/main.o
                0x0000000008001694                assignmentTwo
 .text.main     0x0000000008001748      0x424 ./Core/Src/main.o
                0x0000000008001748                main
 .text.SystemClock_Config
                0x0000000008001b6c      0x138 ./Core/Src/main.o
                0x0000000008001b6c                SystemClock_Config
 .text.Error_Handler
                0x0000000008001ca4        0x6 ./Core/Src/main.o
                0x0000000008001ca4                Error_Handler
 *fill*         0x0000000008001caa        0x2 
 .text.MX_RNG_Init
                0x0000000008001cac       0x28 ./Core/Src/rng.o
                0x0000000008001cac                MX_RNG_Init
 .text.HAL_RNG_MspInit
                0x0000000008001cd4       0x40 ./Core/Src/rng.o
                0x0000000008001cd4                HAL_RNG_MspInit
 .text.MX_SPI5_Init
                0x0000000008001d14       0x7c ./Core/Src/spi.o
                0x0000000008001d14                MX_SPI5_Init
 .text.HAL_SPI_MspInit
                0x0000000008001d90       0x88 ./Core/Src/spi.o
                0x0000000008001d90                HAL_SPI_MspInit
 .text.HAL_MspInit
                0x0000000008001e18       0x48 ./Core/Src/stm32f7xx_hal_msp.o
                0x0000000008001e18                HAL_MspInit
 .text.SysTick_Handler
                0x0000000008001e60        0xc ./Core/Src/stm32f7xx_it.o
                0x0000000008001e60                SysTick_Handler
 .text.TIM1_UP_TIM10_IRQHandler
                0x0000000008001e6c       0x20 ./Core/Src/stm32f7xx_it.o
                0x0000000008001e6c                TIM1_UP_TIM10_IRQHandler
 .text.TIM2_IRQHandler
                0x0000000008001e8c       0x1c ./Core/Src/stm32f7xx_it.o
                0x0000000008001e8c                TIM2_IRQHandler
 .text._getpid  0x0000000008001ea8       0x10 ./Core/Src/syscalls.o
                0x0000000008001ea8                _getpid
 .text._kill    0x0000000008001eb8       0x20 ./Core/Src/syscalls.o
                0x0000000008001eb8                _kill
 .text._exit    0x0000000008001ed8       0x14 ./Core/Src/syscalls.o
                0x0000000008001ed8                _exit
 .text._read    0x0000000008001eec       0x3a ./Core/Src/syscalls.o
                0x0000000008001eec                _read
 .text._write   0x0000000008001f26       0x38 ./Core/Src/syscalls.o
                0x0000000008001f26                _write
 .text._close   0x0000000008001f5e       0x18 ./Core/Src/syscalls.o
                0x0000000008001f5e                _close
 .text._fstat   0x0000000008001f76       0x20 ./Core/Src/syscalls.o
                0x0000000008001f76                _fstat
 .text._isatty  0x0000000008001f96       0x16 ./Core/Src/syscalls.o
                0x0000000008001f96                _isatty
 .text._lseek   0x0000000008001fac       0x1a ./Core/Src/syscalls.o
                0x0000000008001fac                _lseek
 *fill*         0x0000000008001fc6        0x2 
 .text._sbrk    0x0000000008001fc8       0x6c ./Core/Src/sysmem.o
                0x0000000008001fc8                _sbrk
 .text.SystemInit
                0x0000000008002034       0x6c ./Core/Src/system_stm32f7xx.o
                0x0000000008002034                SystemInit
 .text.MX_TIM1_Init
                0x00000000080020a0       0xa8 ./Core/Src/tim.o
                0x00000000080020a0                MX_TIM1_Init
 .text.MX_TIM2_Init
                0x0000000008002148       0x9c ./Core/Src/tim.o
                0x0000000008002148                MX_TIM2_Init
 .text.MX_TIM3_Init
                0x00000000080021e4       0xf0 ./Core/Src/tim.o
                0x00000000080021e4                MX_TIM3_Init
 .text.HAL_TIM_Base_MspInit
                0x00000000080022d4       0xa8 ./Core/Src/tim.o
                0x00000000080022d4                HAL_TIM_Base_MspInit
 .text.HAL_TIM_MspPostInit
                0x000000000800237c       0x70 ./Core/Src/tim.o
                0x000000000800237c                HAL_TIM_MspPostInit
 .text.MX_USART1_UART_Init
                0x00000000080023ec       0x60 ./Core/Src/usart.o
                0x00000000080023ec                MX_USART1_UART_Init
 .text.MX_USART3_UART_Init
                0x000000000800244c       0x60 ./Core/Src/usart.o
                0x000000000800244c                MX_USART3_UART_Init
 .text.HAL_UART_MspInit
                0x00000000080024ac      0x110 ./Core/Src/usart.o
                0x00000000080024ac                HAL_UART_MspInit
 .text.Reset_Handler
                0x00000000080025bc       0x50 ./Core/Startup/startup_stm32f767zitx.o
                0x00000000080025bc                Reset_Handler
 .text.Default_Handler
                0x000000000800260c        0x2 ./Core/Startup/startup_stm32f767zitx.o
                0x000000000800260c                RTC_Alarm_IRQHandler
                0x000000000800260c                EXTI2_IRQHandler
                0x000000000800260c                TIM8_CC_IRQHandler
                0x000000000800260c                DebugMon_Handler
                0x000000000800260c                UART8_IRQHandler
                0x000000000800260c                SPI4_IRQHandler
                0x000000000800260c                TIM1_CC_IRQHandler
                0x000000000800260c                DMA2_Stream5_IRQHandler
                0x000000000800260c                HardFault_Handler
                0x000000000800260c                JPEG_IRQHandler
                0x000000000800260c                DMA1_Stream5_IRQHandler
                0x000000000800260c                CAN3_RX1_IRQHandler
                0x000000000800260c                PVD_IRQHandler
                0x000000000800260c                TAMP_STAMP_IRQHandler
                0x000000000800260c                PendSV_Handler
                0x000000000800260c                NMI_Handler
                0x000000000800260c                CAN2_RX1_IRQHandler
                0x000000000800260c                EXTI3_IRQHandler
                0x000000000800260c                TIM8_TRG_COM_TIM14_IRQHandler
                0x000000000800260c                DFSDM1_FLT1_IRQHandler
                0x000000000800260c                TIM8_UP_TIM13_IRQHandler
                0x000000000800260c                I2C3_ER_IRQHandler
                0x000000000800260c                DFSDM1_FLT2_IRQHandler
                0x000000000800260c                EXTI0_IRQHandler
                0x000000000800260c                I2C2_EV_IRQHandler
                0x000000000800260c                DMA1_Stream2_IRQHandler
                0x000000000800260c                CAN1_RX0_IRQHandler
                0x000000000800260c                FPU_IRQHandler
                0x000000000800260c                OTG_HS_WKUP_IRQHandler
                0x000000000800260c                CAN3_SCE_IRQHandler
                0x000000000800260c                UsageFault_Handler
                0x000000000800260c                LTDC_ER_IRQHandler
                0x000000000800260c                CAN2_SCE_IRQHandler
                0x000000000800260c                DMA2_Stream2_IRQHandler
                0x000000000800260c                SPI1_IRQHandler
                0x000000000800260c                TIM6_DAC_IRQHandler
                0x000000000800260c                TIM1_BRK_TIM9_IRQHandler
                0x000000000800260c                DCMI_IRQHandler
                0x000000000800260c                CAN2_RX0_IRQHandler
                0x000000000800260c                DMA2_Stream3_IRQHandler
                0x000000000800260c                SAI2_IRQHandler
                0x000000000800260c                DFSDM1_FLT3_IRQHandler
                0x000000000800260c                USART6_IRQHandler
                0x000000000800260c                CAN3_RX0_IRQHandler
                0x000000000800260c                USART3_IRQHandler
                0x000000000800260c                CAN1_RX1_IRQHandler
                0x000000000800260c                UART5_IRQHandler
                0x000000000800260c                DMA2_Stream0_IRQHandler
                0x000000000800260c                TIM4_IRQHandler
                0x000000000800260c                QUADSPI_IRQHandler
                0x000000000800260c                I2C1_EV_IRQHandler
                0x000000000800260c                DMA1_Stream6_IRQHandler
                0x000000000800260c                DMA1_Stream1_IRQHandler
                0x000000000800260c                UART4_IRQHandler
                0x000000000800260c                TIM3_IRQHandler
                0x000000000800260c                RCC_IRQHandler
                0x000000000800260c                TIM8_BRK_TIM12_IRQHandler
                0x000000000800260c                Default_Handler
                0x000000000800260c                CEC_IRQHandler
                0x000000000800260c                EXTI15_10_IRQHandler
                0x000000000800260c                ADC_IRQHandler
                0x000000000800260c                DMA1_Stream7_IRQHandler
                0x000000000800260c                SPI5_IRQHandler
                0x000000000800260c                TIM7_IRQHandler
                0x000000000800260c                SDMMC1_IRQHandler
                0x000000000800260c                CAN2_TX_IRQHandler
                0x000000000800260c                TIM5_IRQHandler
                0x000000000800260c                DMA2_Stream7_IRQHandler
                0x000000000800260c                I2C3_EV_IRQHandler
                0x000000000800260c                EXTI9_5_IRQHandler
                0x000000000800260c                RTC_WKUP_IRQHandler
                0x000000000800260c                LTDC_IRQHandler
                0x000000000800260c                ETH_WKUP_IRQHandler
                0x000000000800260c                SPDIF_RX_IRQHandler
                0x000000000800260c                SPI2_IRQHandler
                0x000000000800260c                OTG_HS_EP1_IN_IRQHandler
                0x000000000800260c                MemManage_Handler
                0x000000000800260c                DMA1_Stream0_IRQHandler
                0x000000000800260c                CAN1_TX_IRQHandler
                0x000000000800260c                SVC_Handler
                0x000000000800260c                EXTI4_IRQHandler
                0x000000000800260c                RNG_IRQHandler
                0x000000000800260c                ETH_IRQHandler
                0x000000000800260c                OTG_HS_EP1_OUT_IRQHandler
                0x000000000800260c                WWDG_IRQHandler
                0x000000000800260c                SPI6_IRQHandler
                0x000000000800260c                MDIOS_IRQHandler
                0x000000000800260c                I2C4_EV_IRQHandler
                0x000000000800260c                CAN3_TX_IRQHandler
                0x000000000800260c                OTG_FS_WKUP_IRQHandler
                0x000000000800260c                TIM1_TRG_COM_TIM11_IRQHandler
                0x000000000800260c                OTG_HS_IRQHandler
                0x000000000800260c                DMA2D_IRQHandler
                0x000000000800260c                EXTI1_IRQHandler
                0x000000000800260c                SDMMC2_IRQHandler
                0x000000000800260c                UART7_IRQHandler
                0x000000000800260c                USART2_IRQHandler
                0x000000000800260c                DFSDM1_FLT0_IRQHandler
                0x000000000800260c                I2C2_ER_IRQHandler
                0x000000000800260c                DMA2_Stream1_IRQHandler
                0x000000000800260c                CAN1_SCE_IRQHandler
                0x000000000800260c                FLASH_IRQHandler
                0x000000000800260c                DMA2_Stream4_IRQHandler
                0x000000000800260c                BusFault_Handler
                0x000000000800260c                USART1_IRQHandler
                0x000000000800260c                OTG_FS_IRQHandler
                0x000000000800260c                SPI3_IRQHandler
                0x000000000800260c                DMA1_Stream4_IRQHandler
                0x000000000800260c                I2C1_ER_IRQHandler
                0x000000000800260c                FMC_IRQHandler
                0x000000000800260c                LPTIM1_IRQHandler
                0x000000000800260c                I2C4_ER_IRQHandler
                0x000000000800260c                DMA2_Stream6_IRQHandler
                0x000000000800260c                SAI1_IRQHandler
                0x000000000800260c                DMA1_Stream3_IRQHandler
 .text.ILI9341_Draw_Filled_Rectangle_Coord
                0x000000000800260e       0xbc ./Drivers/ILI9341/ILI9341_GFX.o
                0x000000000800260e                ILI9341_Draw_Filled_Rectangle_Coord
 *fill*         0x00000000080026ca        0x2 
 .text.ILI9341_Draw_Char
                0x00000000080026cc      0x138 ./Drivers/ILI9341/ILI9341_GFX.o
                0x00000000080026cc                ILI9341_Draw_Char
 .text.ILI9341_Draw_Text
                0x0000000008002804       0x5e ./Drivers/ILI9341/ILI9341_GFX.o
                0x0000000008002804                ILI9341_Draw_Text
 *fill*         0x0000000008002862        0x2 
 .text.ILI9341_SPI_Init
                0x0000000008002864       0x20 ./Drivers/ILI9341/ILI9341_STM32_Driver.o
                0x0000000008002864                ILI9341_SPI_Init
 .text.ILI9341_SPI_Send
                0x0000000008002884       0x24 ./Drivers/ILI9341/ILI9341_STM32_Driver.o
                0x0000000008002884                ILI9341_SPI_Send
 .text.ILI9341_Write_Command
                0x00000000080028a8       0x44 ./Drivers/ILI9341/ILI9341_STM32_Driver.o
                0x00000000080028a8                ILI9341_Write_Command
 .text.ILI9341_Write_Data
                0x00000000080028ec       0x44 ./Drivers/ILI9341/ILI9341_STM32_Driver.o
                0x00000000080028ec                ILI9341_Write_Data
 .text.ILI9341_Set_Address
                0x0000000008002930       0x98 ./Drivers/ILI9341/ILI9341_STM32_Driver.o
                0x0000000008002930                ILI9341_Set_Address
 .text.ILI9341_Reset
                0x00000000080029c8       0x3c ./Drivers/ILI9341/ILI9341_STM32_Driver.o
                0x00000000080029c8                ILI9341_Reset
 .text.ILI9341_Set_Rotation
                0x0000000008002a04       0xa4 ./Drivers/ILI9341/ILI9341_STM32_Driver.o
                0x0000000008002a04                ILI9341_Set_Rotation
 .text.ILI9341_Enable
                0x0000000008002aa8       0x18 ./Drivers/ILI9341/ILI9341_STM32_Driver.o
                0x0000000008002aa8                ILI9341_Enable
 .text.ILI9341_Init
                0x0000000008002ac0      0x21a ./Drivers/ILI9341/ILI9341_STM32_Driver.o
                0x0000000008002ac0                ILI9341_Init
 *fill*         0x0000000008002cda        0x2 
 .text.ILI9341_Draw_Colour_Burst
                0x0000000008002cdc      0x134 ./Drivers/ILI9341/ILI9341_STM32_Driver.o
                0x0000000008002cdc                ILI9341_Draw_Colour_Burst
 .text.ILI9341_Fill_Screen
                0x0000000008002e10       0x4c ./Drivers/ILI9341/ILI9341_STM32_Driver.o
                0x0000000008002e10                ILI9341_Fill_Screen
 .text.ILI9341_Draw_Pixel
                0x0000000008002e5c      0x1b4 ./Drivers/ILI9341/ILI9341_STM32_Driver.o
                0x0000000008002e5c                ILI9341_Draw_Pixel
 .text.ILI9341_Draw_Rectangle
                0x0000000008003010       0xb8 ./Drivers/ILI9341/ILI9341_STM32_Driver.o
                0x0000000008003010                ILI9341_Draw_Rectangle
 .text.HAL_Init
                0x00000000080030c8       0x38 ./Drivers/STM32F7xx_HAL_Driver/Src/stm32f7xx_hal.o
                0x00000000080030c8                HAL_Init
 .text.HAL_InitTick
                0x0000000008003100       0x60 ./Drivers/STM32F7xx_HAL_Driver/Src/stm32f7xx_hal.o
                0x0000000008003100                HAL_InitTick
 .text.HAL_IncTick
                0x0000000008003160       0x28 ./Drivers/STM32F7xx_HAL_Driver/Src/stm32f7xx_hal.o
                0x0000000008003160                HAL_IncTick
 .text.HAL_GetTick
                0x0000000008003188       0x18 ./Drivers/STM32F7xx_HAL_Driver/Src/stm32f7xx_hal.o
                0x0000000008003188                HAL_GetTick
 .text.HAL_Delay
                0x00000000080031a0       0x48 ./Drivers/STM32F7xx_HAL_Driver/Src/stm32f7xx_hal.o
                0x00000000080031a0                HAL_Delay
 .text.__NVIC_SetPriorityGrouping
                0x00000000080031e8       0x48 ./Drivers/STM32F7xx_HAL_Driver/Src/stm32f7xx_hal_cortex.o
 .text.__NVIC_GetPriorityGrouping
                0x0000000008003230       0x1c ./Drivers/STM32F7xx_HAL_Driver/Src/stm32f7xx_hal_cortex.o
 .text.__NVIC_EnableIRQ
                0x000000000800324c       0x3c ./Drivers/STM32F7xx_HAL_Driver/Src/stm32f7xx_hal_cortex.o
 .text.__NVIC_SetPriority
                0x0000000008003288       0x54 ./Drivers/STM32F7xx_HAL_Driver/Src/stm32f7xx_hal_cortex.o
 .text.NVIC_EncodePriority
                0x00000000080032dc       0x66 ./Drivers/STM32F7xx_HAL_Driver/Src/stm32f7xx_hal_cortex.o
 *fill*         0x0000000008003342        0x2 
 .text.SysTick_Config
                0x0000000008003344       0x44 ./Drivers/STM32F7xx_HAL_Driver/Src/stm32f7xx_hal_cortex.o
 .text.HAL_NVIC_SetPriorityGrouping
                0x0000000008003388       0x16 ./Drivers/STM32F7xx_HAL_Driver/Src/stm32f7xx_hal_cortex.o
                0x0000000008003388                HAL_NVIC_SetPriorityGrouping
 .text.HAL_NVIC_SetPriority
                0x000000000800339e       0x38 ./Drivers/STM32F7xx_HAL_Driver/Src/stm32f7xx_hal_cortex.o
                0x000000000800339e                HAL_NVIC_SetPriority
 .text.HAL_NVIC_EnableIRQ
                0x00000000080033d6       0x1c ./Drivers/STM32F7xx_HAL_Driver/Src/stm32f7xx_hal_cortex.o
                0x00000000080033d6                HAL_NVIC_EnableIRQ
 .text.HAL_SYSTICK_Config
                0x00000000080033f2       0x18 ./Drivers/STM32F7xx_HAL_Driver/Src/stm32f7xx_hal_cortex.o
                0x00000000080033f2                HAL_SYSTICK_Config
 *fill*         0x000000000800340a        0x2 
 .text.HAL_GPIO_Init
                0x000000000800340c      0x358 ./Drivers/STM32F7xx_HAL_Driver/Src/stm32f7xx_hal_gpio.o
                0x000000000800340c                HAL_GPIO_Init
 .text.HAL_GPIO_ReadPin
                0x0000000008003764       0x30 ./Drivers/STM32F7xx_HAL_Driver/Src/stm32f7xx_hal_gpio.o
                0x0000000008003764                HAL_GPIO_ReadPin
 .text.HAL_GPIO_WritePin
                0x0000000008003794       0x32 ./Drivers/STM32F7xx_HAL_Driver/Src/stm32f7xx_hal_gpio.o
                0x0000000008003794                HAL_GPIO_WritePin
 *fill*         0x00000000080037c6        0x2 
 .text.HAL_I2C_Init
                0x00000000080037c8      0x120 ./Drivers/STM32F7xx_HAL_Driver/Src/stm32f7xx_hal_i2c.o
                0x00000000080037c8                HAL_I2C_Init
 .text.HAL_I2CEx_ConfigAnalogFilter
                0x00000000080038e8       0x96 ./Drivers/STM32F7xx_HAL_Driver/Src/stm32f7xx_hal_i2c_ex.o
                0x00000000080038e8                HAL_I2CEx_ConfigAnalogFilter
 .text.HAL_I2CEx_ConfigDigitalFilter
                0x000000000800397e       0x98 ./Drivers/STM32F7xx_HAL_Driver/Src/stm32f7xx_hal_i2c_ex.o
                0x000000000800397e                HAL_I2CEx_ConfigDigitalFilter
 *fill*         0x0000000008003a16        0x2 
 .text.HAL_PWR_EnableBkUpAccess
                0x0000000008003a18       0x20 ./Drivers/STM32F7xx_HAL_Driver/Src/stm32f7xx_hal_pwr.o
                0x0000000008003a18                HAL_PWR_EnableBkUpAccess
 .text.HAL_PWREx_EnableOverDrive
                0x0000000008003a38       0xa0 ./Drivers/STM32F7xx_HAL_Driver/Src/stm32f7xx_hal_pwr_ex.o
                0x0000000008003a38                HAL_PWREx_EnableOverDrive
 .text.HAL_RCC_OscConfig
                0x0000000008003ad8      0x55c ./Drivers/STM32F7xx_HAL_Driver/Src/stm32f7xx_hal_rcc.o
                0x0000000008003ad8                HAL_RCC_OscConfig
 .text.HAL_RCC_ClockConfig
                0x0000000008004034      0x1d8 ./Drivers/STM32F7xx_HAL_Driver/Src/stm32f7xx_hal_rcc.o
                0x0000000008004034                HAL_RCC_ClockConfig
 .text.HAL_RCC_GetSysClockFreq
                0x000000000800420c      0x1c4 ./Drivers/STM32F7xx_HAL_Driver/Src/stm32f7xx_hal_rcc.o
                0x000000000800420c                HAL_RCC_GetSysClockFreq
 .text.HAL_RCC_GetHCLKFreq
                0x00000000080043d0       0x18 ./Drivers/STM32F7xx_HAL_Driver/Src/stm32f7xx_hal_rcc.o
                0x00000000080043d0                HAL_RCC_GetHCLKFreq
 .text.HAL_RCC_GetPCLK1Freq
                0x00000000080043e8       0x28 ./Drivers/STM32F7xx_HAL_Driver/Src/stm32f7xx_hal_rcc.o
                0x00000000080043e8                HAL_RCC_GetPCLK1Freq
 .text.HAL_RCC_GetPCLK2Freq
                0x0000000008004410       0x28 ./Drivers/STM32F7xx_HAL_Driver/Src/stm32f7xx_hal_rcc.o
                0x0000000008004410                HAL_RCC_GetPCLK2Freq
 .text.HAL_RCCEx_PeriphCLKConfig
                0x0000000008004438      0x850 ./Drivers/STM32F7xx_HAL_Driver/Src/stm32f7xx_hal_rcc_ex.o
                0x0000000008004438                HAL_RCCEx_PeriphCLKConfig
 .text.HAL_RNG_Init
                0x0000000008004c88       0x54 ./Drivers/STM32F7xx_HAL_Driver/Src/stm32f7xx_hal_rng.o
                0x0000000008004c88                HAL_RNG_Init
 .text.HAL_SPI_Init
                0x0000000008004cdc      0x156 ./Drivers/STM32F7xx_HAL_Driver/Src/stm32f7xx_hal_spi.o
                0x0000000008004cdc                HAL_SPI_Init
 .text.HAL_SPI_Transmit
                0x0000000008004e32      0x2dc ./Drivers/STM32F7xx_HAL_Driver/Src/stm32f7xx_hal_spi.o
                0x0000000008004e32                HAL_SPI_Transmit
 *fill*         0x000000000800510e        0x2 
 .text.SPI_WaitFlagStateUntilTimeout
                0x0000000008005110      0x110 ./Drivers/STM32F7xx_HAL_Driver/Src/stm32f7xx_hal_spi.o
 .text.SPI_WaitFifoStateUntilTimeout
                0x0000000008005220      0x124 ./Drivers/STM32F7xx_HAL_Driver/Src/stm32f7xx_hal_spi.o
 .text.SPI_EndRxTxTransaction
                0x0000000008005344       0x8c ./Drivers/STM32F7xx_HAL_Driver/Src/stm32f7xx_hal_spi.o
 .text.HAL_TIM_Base_Init
                0x00000000080053d0       0xae ./Drivers/STM32F7xx_HAL_Driver/Src/stm32f7xx_hal_tim.o
                0x00000000080053d0                HAL_TIM_Base_Init
 *fill*         0x000000000800547e        0x2 
 .text.HAL_TIM_Base_Start_IT
                0x0000000008005480       0xf0 ./Drivers/STM32F7xx_HAL_Driver/Src/stm32f7xx_hal_tim.o
                0x0000000008005480                HAL_TIM_Base_Start_IT
 .text.HAL_TIM_PWM_Init
                0x0000000008005570       0xae ./Drivers/STM32F7xx_HAL_Driver/Src/stm32f7xx_hal_tim.o
                0x0000000008005570                HAL_TIM_PWM_Init
 .text.HAL_TIM_PWM_MspInit
                0x000000000800561e       0x14 ./Drivers/STM32F7xx_HAL_Driver/Src/stm32f7xx_hal_tim.o
                0x000000000800561e                HAL_TIM_PWM_MspInit
 *fill*         0x0000000008005632        0x2 
 .text.HAL_TIM_PWM_Start
                0x0000000008005634      0x1f4 ./Drivers/STM32F7xx_HAL_Driver/Src/stm32f7xx_hal_tim.o
                0x0000000008005634                HAL_TIM_PWM_Start
 .text.HAL_TIM_PWM_Stop
                0x0000000008005828      0x100 ./Drivers/STM32F7xx_HAL_Driver/Src/stm32f7xx_hal_tim.o
                0x0000000008005828                HAL_TIM_PWM_Stop
 .text.HAL_TIM_IRQHandler
                0x0000000008005928      0x23e ./Drivers/STM32F7xx_HAL_Driver/Src/stm32f7xx_hal_tim.o
                0x0000000008005928                HAL_TIM_IRQHandler
 *fill*         0x0000000008005b66        0x2 
 .text.HAL_TIM_PWM_ConfigChannel
                0x0000000008005b68      0x220 ./Drivers/STM32F7xx_HAL_Driver/Src/stm32f7xx_hal_tim.o
                0x0000000008005b68                HAL_TIM_PWM_ConfigChannel
 .text.HAL_TIM_ConfigClockSource
                0x0000000008005d88      0x18c ./Drivers/STM32F7xx_HAL_Driver/Src/stm32f7xx_hal_tim.o
                0x0000000008005d88                HAL_TIM_ConfigClockSource
 .text.HAL_TIM_PeriodElapsedCallback
                0x0000000008005f14       0x14 ./Drivers/STM32F7xx_HAL_Driver/Src/stm32f7xx_hal_tim.o
                0x0000000008005f14                HAL_TIM_PeriodElapsedCallback
 .text.HAL_TIM_OC_DelayElapsedCallback
                0x0000000008005f28       0x14 ./Drivers/STM32F7xx_HAL_Driver/Src/stm32f7xx_hal_tim.o
                0x0000000008005f28                HAL_TIM_OC_DelayElapsedCallback
 .text.HAL_TIM_IC_CaptureCallback
                0x0000000008005f3c       0x14 ./Drivers/STM32F7xx_HAL_Driver/Src/stm32f7xx_hal_tim.o
                0x0000000008005f3c                HAL_TIM_IC_CaptureCallback
 .text.HAL_TIM_PWM_PulseFinishedCallback
                0x0000000008005f50       0x14 ./Drivers/STM32F7xx_HAL_Driver/Src/stm32f7xx_hal_tim.o
                0x0000000008005f50                HAL_TIM_PWM_PulseFinishedCallback
 .text.HAL_TIM_TriggerCallback
                0x0000000008005f64       0x14 ./Drivers/STM32F7xx_HAL_Driver/Src/stm32f7xx_hal_tim.o
                0x0000000008005f64                HAL_TIM_TriggerCallback
 .text.TIM_Base_SetConfig
                0x0000000008005f78      0x140 ./Drivers/STM32F7xx_HAL_Driver/Src/stm32f7xx_hal_tim.o
                0x0000000008005f78                TIM_Base_SetConfig
 .text.TIM_OC1_SetConfig
                0x00000000080060b8       0xe4 ./Drivers/STM32F7xx_HAL_Driver/Src/stm32f7xx_hal_tim.o
 .text.TIM_OC2_SetConfig
                0x000000000800619c       0xf0 ./Drivers/STM32F7xx_HAL_Driver/Src/stm32f7xx_hal_tim.o
                0x000000000800619c                TIM_OC2_SetConfig
 .text.TIM_OC3_SetConfig
                0x000000000800628c       0xec ./Drivers/STM32F7xx_HAL_Driver/Src/stm32f7xx_hal_tim.o
 .text.TIM_OC4_SetConfig
                0x0000000008006378       0xb0 ./Drivers/STM32F7xx_HAL_Driver/Src/stm32f7xx_hal_tim.o
 .text.TIM_OC5_SetConfig
                0x0000000008006428       0xa4 ./Drivers/STM32F7xx_HAL_Driver/Src/stm32f7xx_hal_tim.o
 .text.TIM_OC6_SetConfig
                0x00000000080064cc       0xa8 ./Drivers/STM32F7xx_HAL_Driver/Src/stm32f7xx_hal_tim.o
 .text.TIM_TI1_ConfigInputStage
                0x0000000008006574       0x5e ./Drivers/STM32F7xx_HAL_Driver/Src/stm32f7xx_hal_tim.o
 .text.TIM_TI2_ConfigInputStage
                0x00000000080065d2       0x60 ./Drivers/STM32F7xx_HAL_Driver/Src/stm32f7xx_hal_tim.o
 .text.TIM_ITRx_SetConfig
                0x0000000008006632       0x36 ./Drivers/STM32F7xx_HAL_Driver/Src/stm32f7xx_hal_tim.o
 .text.TIM_ETR_SetConfig
                0x0000000008006668       0x40 ./Drivers/STM32F7xx_HAL_Driver/Src/stm32f7xx_hal_tim.o
                0x0000000008006668                TIM_ETR_SetConfig
 .text.TIM_CCxChannelCmd
                0x00000000080066a8       0x4a ./Drivers/STM32F7xx_HAL_Driver/Src/stm32f7xx_hal_tim.o
                0x00000000080066a8                TIM_CCxChannelCmd
 *fill*         0x00000000080066f2        0x2 
 .text.HAL_TIMEx_MasterConfigSynchronization
                0x00000000080066f4      0x11c ./Drivers/STM32F7xx_HAL_Driver/Src/stm32f7xx_hal_tim_ex.o
                0x00000000080066f4                HAL_TIMEx_MasterConfigSynchronization
 .text.HAL_TIMEx_CommutCallback
                0x0000000008006810       0x14 ./Drivers/STM32F7xx_HAL_Driver/Src/stm32f7xx_hal_tim_ex.o
                0x0000000008006810                HAL_TIMEx_CommutCallback
 .text.HAL_TIMEx_BreakCallback
                0x0000000008006824       0x14 ./Drivers/STM32F7xx_HAL_Driver/Src/stm32f7xx_hal_tim_ex.o
                0x0000000008006824                HAL_TIMEx_BreakCallback
 .text.HAL_TIMEx_Break2Callback
                0x0000000008006838       0x14 ./Drivers/STM32F7xx_HAL_Driver/Src/stm32f7xx_hal_tim_ex.o
                0x0000000008006838                HAL_TIMEx_Break2Callback
 .text.HAL_UART_Init
                0x000000000800684c       0x9c ./Drivers/STM32F7xx_HAL_Driver/Src/stm32f7xx_hal_uart.o
                0x000000000800684c                HAL_UART_Init
 .text.HAL_UART_Transmit
                0x00000000080068e8      0x126 ./Drivers/STM32F7xx_HAL_Driver/Src/stm32f7xx_hal_uart.o
                0x00000000080068e8                HAL_UART_Transmit
 .text.HAL_UART_Receive
                0x0000000008006a0e      0x1a0 ./Drivers/STM32F7xx_HAL_Driver/Src/stm32f7xx_hal_uart.o
                0x0000000008006a0e                HAL_UART_Receive
 *fill*         0x0000000008006bae        0x2 
 .text.UART_SetConfig
                0x0000000008006bb0      0x4c4 ./Drivers/STM32F7xx_HAL_Driver/Src/stm32f7xx_hal_uart.o
                0x0000000008006bb0                UART_SetConfig
 .text.UART_AdvFeatureConfig
                0x0000000008007074      0x144 ./Drivers/STM32F7xx_HAL_Driver/Src/stm32f7xx_hal_uart.o
                0x0000000008007074                UART_AdvFeatureConfig
 .text.UART_CheckIdleState
                0x00000000080071b8       0x92 ./Drivers/STM32F7xx_HAL_Driver/Src/stm32f7xx_hal_uart.o
                0x00000000080071b8                UART_CheckIdleState
 .text.UART_WaitOnFlagUntilTimeout
                0x000000000800724a       0xf8 ./Drivers/STM32F7xx_HAL_Driver/Src/stm32f7xx_hal_uart.o
                0x000000000800724a                UART_WaitOnFlagUntilTimeout
 *fill*         0x0000000008007342        0x2 
 .text.__errno  0x0000000008007344        0xc c:/st/stm32cubeide_1.6.1/stm32cubeide/plugins/com.st.stm32cube.ide.mcu.externaltools.gnu-tools-for-stm32.9-2020-q2-update.win32_2.0.0.202105311346/tools/bin/../lib/gcc/arm-none-eabi/9.3.1/../../../../arm-none-eabi/lib/thumb/v7e-m+dp/hard\libc_nano.a(lib_a-errno.o)
                0x0000000008007344                __errno
 .text.__libc_init_array
                0x0000000008007350       0x48 c:/st/stm32cubeide_1.6.1/stm32cubeide/plugins/com.st.stm32cube.ide.mcu.externaltools.gnu-tools-for-stm32.9-2020-q2-update.win32_2.0.0.202105311346/tools/bin/../lib/gcc/arm-none-eabi/9.3.1/../../../../arm-none-eabi/lib/thumb/v7e-m+dp/hard\libc_nano.a(lib_a-init.o)
                0x0000000008007350                __libc_init_array
 .text.memset   0x0000000008007398       0x10 c:/st/stm32cubeide_1.6.1/stm32cubeide/plugins/com.st.stm32cube.ide.mcu.externaltools.gnu-tools-for-stm32.9-2020-q2-update.win32_2.0.0.202105311346/tools/bin/../lib/gcc/arm-none-eabi/9.3.1/../../../../arm-none-eabi/lib/thumb/v7e-m+dp/hard\libc_nano.a(lib_a-memset.o)
                0x0000000008007398                memset
 .text.__cvt    0x00000000080073a8       0xa4 c:/st/stm32cubeide_1.6.1/stm32cubeide/plugins/com.st.stm32cube.ide.mcu.externaltools.gnu-tools-for-stm32.9-2020-q2-update.win32_2.0.0.202105311346/tools/bin/../lib/gcc/arm-none-eabi/9.3.1/../../../../arm-none-eabi/lib/thumb/v7e-m+dp/hard\libc_nano.a(lib_a-nano-vfprintf_float.o)
                0x00000000080073a8                __cvt
 .text.__exponent
                0x000000000800744c       0x7c c:/st/stm32cubeide_1.6.1/stm32cubeide/plugins/com.st.stm32cube.ide.mcu.externaltools.gnu-tools-for-stm32.9-2020-q2-update.win32_2.0.0.202105311346/tools/bin/../lib/gcc/arm-none-eabi/9.3.1/../../../../arm-none-eabi/lib/thumb/v7e-m+dp/hard\libc_nano.a(lib_a-nano-vfprintf_float.o)
                0x000000000800744c                __exponent
 .text._printf_float
                0x00000000080074c8      0x43c c:/st/stm32cubeide_1.6.1/stm32cubeide/plugins/com.st.stm32cube.ide.mcu.externaltools.gnu-tools-for-stm32.9-2020-q2-update.win32_2.0.0.202105311346/tools/bin/../lib/gcc/arm-none-eabi/9.3.1/../../../../arm-none-eabi/lib/thumb/v7e-m+dp/hard\libc_nano.a(lib_a-nano-vfprintf_float.o)
                0x00000000080074c8                _printf_float
 .text._printf_common
                0x0000000008007904       0xda c:/st/stm32cubeide_1.6.1/stm32cubeide/plugins/com.st.stm32cube.ide.mcu.externaltools.gnu-tools-for-stm32.9-2020-q2-update.win32_2.0.0.202105311346/tools/bin/../lib/gcc/arm-none-eabi/9.3.1/../../../../arm-none-eabi/lib/thumb/v7e-m+dp/hard\libc_nano.a(lib_a-nano-vfprintf_i.o)
                0x0000000008007904                _printf_common
 *fill*         0x00000000080079de        0x2 
 .text._printf_i
                0x00000000080079e0      0x24c c:/st/stm32cubeide_1.6.1/stm32cubeide/plugins/com.st.stm32cube.ide.mcu.externaltools.gnu-tools-for-stm32.9-2020-q2-update.win32_2.0.0.202105311346/tools/bin/../lib/gcc/arm-none-eabi/9.3.1/../../../../arm-none-eabi/lib/thumb/v7e-m+dp/hard\libc_nano.a(lib_a-nano-vfprintf_i.o)
                0x00000000080079e0                _printf_i
 .text.sprintf  0x0000000008007c2c       0x40 c:/st/stm32cubeide_1.6.1/stm32cubeide/plugins/com.st.stm32cube.ide.mcu.externaltools.gnu-tools-for-stm32.9-2020-q2-update.win32_2.0.0.202105311346/tools/bin/../lib/gcc/arm-none-eabi/9.3.1/../../../../arm-none-eabi/lib/thumb/v7e-m+dp/hard\libc_nano.a(lib_a-sprintf.o)
                0x0000000008007c2c                siprintf
                0x0000000008007c2c                sprintf
 .text.quorem   0x0000000008007c6c      0x116 c:/st/stm32cubeide_1.6.1/stm32cubeide/plugins/com.st.stm32cube.ide.mcu.externaltools.gnu-tools-for-stm32.9-2020-q2-update.win32_2.0.0.202105311346/tools/bin/../lib/gcc/arm-none-eabi/9.3.1/../../../../arm-none-eabi/lib/thumb/v7e-m+dp/hard\libc_nano.a(lib_a-dtoa.o)
 *fill*         0x0000000008007d82        0x6 
 .text._dtoa_r  0x0000000008007d88      0xb04 c:/st/stm32cubeide_1.6.1/stm32cubeide/plugins/com.st.stm32cube.ide.mcu.externaltools.gnu-tools-for-stm32.9-2020-q2-update.win32_2.0.0.202105311346/tools/bin/../lib/gcc/arm-none-eabi/9.3.1/../../../../arm-none-eabi/lib/thumb/v7e-m+dp/hard\libc_nano.a(lib_a-dtoa.o)
                0x0000000008007d88                _dtoa_r
 .text._localeconv_r
                0x000000000800888c        0x8 c:/st/stm32cubeide_1.6.1/stm32cubeide/plugins/com.st.stm32cube.ide.mcu.externaltools.gnu-tools-for-stm32.9-2020-q2-update.win32_2.0.0.202105311346/tools/bin/../lib/gcc/arm-none-eabi/9.3.1/../../../../arm-none-eabi/lib/thumb/v7e-m+dp/hard\libc_nano.a(lib_a-localeconv.o)
                0x000000000800888c                _localeconv_r
 .text.malloc   0x0000000008008894       0x10 c:/st/stm32cubeide_1.6.1/stm32cubeide/plugins/com.st.stm32cube.ide.mcu.externaltools.gnu-tools-for-stm32.9-2020-q2-update.win32_2.0.0.202105311346/tools/bin/../lib/gcc/arm-none-eabi/9.3.1/../../../../arm-none-eabi/lib/thumb/v7e-m+dp/hard\libc_nano.a(lib_a-malloc.o)
                0x0000000008008894                malloc
 .text.memcpy   0x00000000080088a4       0x1c c:/st/stm32cubeide_1.6.1/stm32cubeide/plugins/com.st.stm32cube.ide.mcu.externaltools.gnu-tools-for-stm32.9-2020-q2-update.win32_2.0.0.202105311346/tools/bin/../lib/gcc/arm-none-eabi/9.3.1/../../../../arm-none-eabi/lib/thumb/v7e-m+dp/hard\libc_nano.a(lib_a-memcpy-stub.o)
                0x00000000080088a4                memcpy
 .text._Balloc  0x00000000080088c0       0x80 c:/st/stm32cubeide_1.6.1/stm32cubeide/plugins/com.st.stm32cube.ide.mcu.externaltools.gnu-tools-for-stm32.9-2020-q2-update.win32_2.0.0.202105311346/tools/bin/../lib/gcc/arm-none-eabi/9.3.1/../../../../arm-none-eabi/lib/thumb/v7e-m+dp/hard\libc_nano.a(lib_a-mprec.o)
                0x00000000080088c0                _Balloc
 .text._Bfree   0x0000000008008940       0x44 c:/st/stm32cubeide_1.6.1/stm32cubeide/plugins/com.st.stm32cube.ide.mcu.externaltools.gnu-tools-for-stm32.9-2020-q2-update.win32_2.0.0.202105311346/tools/bin/../lib/gcc/arm-none-eabi/9.3.1/../../../../arm-none-eabi/lib/thumb/v7e-m+dp/hard\libc_nano.a(lib_a-mprec.o)
                0x0000000008008940                _Bfree
 .text.__multadd
                0x0000000008008984       0x94 c:/st/stm32cubeide_1.6.1/stm32cubeide/plugins/com.st.stm32cube.ide.mcu.externaltools.gnu-tools-for-stm32.9-2020-q2-update.win32_2.0.0.202105311346/tools/bin/../lib/gcc/arm-none-eabi/9.3.1/../../../../arm-none-eabi/lib/thumb/v7e-m+dp/hard\libc_nano.a(lib_a-mprec.o)
                0x0000000008008984                __multadd
 .text.__hi0bits
                0x0000000008008a18       0x40 c:/st/stm32cubeide_1.6.1/stm32cubeide/plugins/com.st.stm32cube.ide.mcu.externaltools.gnu-tools-for-stm32.9-2020-q2-update.win32_2.0.0.202105311346/tools/bin/../lib/gcc/arm-none-eabi/9.3.1/../../../../arm-none-eabi/lib/thumb/v7e-m+dp/hard\libc_nano.a(lib_a-mprec.o)
                0x0000000008008a18                __hi0bits
 .text.__lo0bits
                0x0000000008008a58       0x60 c:/st/stm32cubeide_1.6.1/stm32cubeide/plugins/com.st.stm32cube.ide.mcu.externaltools.gnu-tools-for-stm32.9-2020-q2-update.win32_2.0.0.202105311346/tools/bin/../lib/gcc/arm-none-eabi/9.3.1/../../../../arm-none-eabi/lib/thumb/v7e-m+dp/hard\libc_nano.a(lib_a-mprec.o)
                0x0000000008008a58                __lo0bits
 .text.__i2b    0x0000000008008ab8       0x2c c:/st/stm32cubeide_1.6.1/stm32cubeide/plugins/com.st.stm32cube.ide.mcu.externaltools.gnu-tools-for-stm32.9-2020-q2-update.win32_2.0.0.202105311346/tools/bin/../lib/gcc/arm-none-eabi/9.3.1/../../../../arm-none-eabi/lib/thumb/v7e-m+dp/hard\libc_nano.a(lib_a-mprec.o)
                0x0000000008008ab8                __i2b
 .text.__multiply
                0x0000000008008ae4      0x14c c:/st/stm32cubeide_1.6.1/stm32cubeide/plugins/com.st.stm32cube.ide.mcu.externaltools.gnu-tools-for-stm32.9-2020-q2-update.win32_2.0.0.202105311346/tools/bin/../lib/gcc/arm-none-eabi/9.3.1/../../../../arm-none-eabi/lib/thumb/v7e-m+dp/hard\libc_nano.a(lib_a-mprec.o)
                0x0000000008008ae4                __multiply
 .text.__pow5mult
                0x0000000008008c30       0xb4 c:/st/stm32cubeide_1.6.1/stm32cubeide/plugins/com.st.stm32cube.ide.mcu.externaltools.gnu-tools-for-stm32.9-2020-q2-update.win32_2.0.0.202105311346/tools/bin/../lib/gcc/arm-none-eabi/9.3.1/../../../../arm-none-eabi/lib/thumb/v7e-m+dp/hard\libc_nano.a(lib_a-mprec.o)
                0x0000000008008c30                __pow5mult
 .text.__lshift
                0x0000000008008ce4       0xd8 c:/st/stm32cubeide_1.6.1/stm32cubeide/plugins/com.st.stm32cube.ide.mcu.externaltools.gnu-tools-for-stm32.9-2020-q2-update.win32_2.0.0.202105311346/tools/bin/../lib/gcc/arm-none-eabi/9.3.1/../../../../arm-none-eabi/lib/thumb/v7e-m+dp/hard\libc_nano.a(lib_a-mprec.o)
                0x0000000008008ce4                __lshift
 .text.__mcmp   0x0000000008008dbc       0x38 c:/st/stm32cubeide_1.6.1/stm32cubeide/plugins/com.st.stm32cube.ide.mcu.externaltools.gnu-tools-for-stm32.9-2020-q2-update.win32_2.0.0.202105311346/tools/bin/../lib/gcc/arm-none-eabi/9.3.1/../../../../arm-none-eabi/lib/thumb/v7e-m+dp/hard\libc_nano.a(lib_a-mprec.o)
                0x0000000008008dbc                __mcmp
 .text.__mdiff  0x0000000008008df4      0x110 c:/st/stm32cubeide_1.6.1/stm32cubeide/plugins/com.st.stm32cube.ide.mcu.externaltools.gnu-tools-for-stm32.9-2020-q2-update.win32_2.0.0.202105311346/tools/bin/../lib/gcc/arm-none-eabi/9.3.1/../../../../arm-none-eabi/lib/thumb/v7e-m+dp/hard\libc_nano.a(lib_a-mprec.o)
                0x0000000008008df4                __mdiff
 .text.__d2b    0x0000000008008f04       0xb8 c:/st/stm32cubeide_1.6.1/stm32cubeide/plugins/com.st.stm32cube.ide.mcu.externaltools.gnu-tools-for-stm32.9-2020-q2-update.win32_2.0.0.202105311346/tools/bin/../lib/gcc/arm-none-eabi/9.3.1/../../../../arm-none-eabi/lib/thumb/v7e-m+dp/hard\libc_nano.a(lib_a-mprec.o)
                0x0000000008008f04                __d2b
 .text._calloc_r
                0x0000000008008fbc       0x1e c:/st/stm32cubeide_1.6.1/stm32cubeide/plugins/com.st.stm32cube.ide.mcu.externaltools.gnu-tools-for-stm32.9-2020-q2-update.win32_2.0.0.202105311346/tools/bin/../lib/gcc/arm-none-eabi/9.3.1/../../../../arm-none-eabi/lib/thumb/v7e-m+dp/hard\libc_nano.a(lib_a-nano-callocr.o)
                0x0000000008008fbc                _calloc_r
 *fill*         0x0000000008008fda        0x2 
 .text._free_r  0x0000000008008fdc       0xa0 c:/st/stm32cubeide_1.6.1/stm32cubeide/plugins/com.st.stm32cube.ide.mcu.externaltools.gnu-tools-for-stm32.9-2020-q2-update.win32_2.0.0.202105311346/tools/bin/../lib/gcc/arm-none-eabi/9.3.1/../../../../arm-none-eabi/lib/thumb/v7e-m+dp/hard\libc_nano.a(lib_a-nano-freer.o)
                0x0000000008008fdc                _free_r
 .text._malloc_r
                0x000000000800907c       0xb4 c:/st/stm32cubeide_1.6.1/stm32cubeide/plugins/com.st.stm32cube.ide.mcu.externaltools.gnu-tools-for-stm32.9-2020-q2-update.win32_2.0.0.202105311346/tools/bin/../lib/gcc/arm-none-eabi/9.3.1/../../../../arm-none-eabi/lib/thumb/v7e-m+dp/hard\libc_nano.a(lib_a-nano-mallocr.o)
                0x000000000800907c                _malloc_r
 .text.__ssputs_r
                0x0000000008009130       0xb6 c:/st/stm32cubeide_1.6.1/stm32cubeide/plugins/com.st.stm32cube.ide.mcu.externaltools.gnu-tools-for-stm32.9-2020-q2-update.win32_2.0.0.202105311346/tools/bin/../lib/gcc/arm-none-eabi/9.3.1/../../../../arm-none-eabi/lib/thumb/v7e-m+dp/hard\libc_nano.a(lib_a-nano-svfprintf.o)
                0x0000000008009130                __ssputs_r
 *fill*         0x00000000080091e6        0x2 
 .text._svfprintf_r
                0x00000000080091e8      0x200 c:/st/stm32cubeide_1.6.1/stm32cubeide/plugins/com.st.stm32cube.ide.mcu.externaltools.gnu-tools-for-stm32.9-2020-q2-update.win32_2.0.0.202105311346/tools/bin/../lib/gcc/arm-none-eabi/9.3.1/../../../../arm-none-eabi/lib/thumb/v7e-m+dp/hard\libc_nano.a(lib_a-nano-svfprintf.o)
                0x00000000080091e8                _svfiprintf_r
                0x00000000080091e8                _svfprintf_r
 .text._sbrk_r  0x00000000080093e8       0x20 c:/st/stm32cubeide_1.6.1/stm32cubeide/plugins/com.st.stm32cube.ide.mcu.externaltools.gnu-tools-for-stm32.9-2020-q2-update.win32_2.0.0.202105311346/tools/bin/../lib/gcc/arm-none-eabi/9.3.1/../../../../arm-none-eabi/lib/thumb/v7e-m+dp/hard\libc_nano.a(lib_a-sbrkr.o)
                0x00000000080093e8                _sbrk_r
 .text.__assert_func
                0x0000000008009408       0x3c c:/st/stm32cubeide_1.6.1/stm32cubeide/plugins/com.st.stm32cube.ide.mcu.externaltools.gnu-tools-for-stm32.9-2020-q2-update.win32_2.0.0.202105311346/tools/bin/../lib/gcc/arm-none-eabi/9.3.1/../../../../arm-none-eabi/lib/thumb/v7e-m+dp/hard\libc_nano.a(lib_a-assert.o)
                0x0000000008009408                __assert_func
 .text.fprintf  0x0000000008009444       0x24 c:/st/stm32cubeide_1.6.1/stm32cubeide/plugins/com.st.stm32cube.ide.mcu.externaltools.gnu-tools-for-stm32.9-2020-q2-update.win32_2.0.0.202105311346/tools/bin/../lib/gcc/arm-none-eabi/9.3.1/../../../../arm-none-eabi/lib/thumb/v7e-m+dp/hard\libc_nano.a(lib_a-fprintf.o)
                0x0000000008009444                fiprintf
                0x0000000008009444                fprintf
 .text.__ascii_mbtowc
                0x0000000008009468       0x24 c:/st/stm32cubeide_1.6.1/stm32cubeide/plugins/com.st.stm32cube.ide.mcu.externaltools.gnu-tools-for-stm32.9-2020-q2-update.win32_2.0.0.202105311346/tools/bin/../lib/gcc/arm-none-eabi/9.3.1/../../../../arm-none-eabi/lib/thumb/v7e-m+dp/hard\libc_nano.a(lib_a-mbtowc_r.o)
                0x0000000008009468                __ascii_mbtowc
 .text.memmove  0x000000000800948c       0x34 c:/st/stm32cubeide_1.6.1/stm32cubeide/plugins/com.st.stm32cube.ide.mcu.externaltools.gnu-tools-for-stm32.9-2020-q2-update.win32_2.0.0.202105311346/tools/bin/../lib/gcc/arm-none-eabi/9.3.1/../../../../arm-none-eabi/lib/thumb/v7e-m+dp/hard\libc_nano.a(lib_a-memmove.o)
                0x000000000800948c                memmove
 .text.__malloc_lock
                0x00000000080094c0        0xc c:/st/stm32cubeide_1.6.1/stm32cubeide/plugins/com.st.stm32cube.ide.mcu.externaltools.gnu-tools-for-stm32.9-2020-q2-update.win32_2.0.0.202105311346/tools/bin/../lib/gcc/arm-none-eabi/9.3.1/../../../../arm-none-eabi/lib/thumb/v7e-m+dp/hard\libc_nano.a(lib_a-mlock.o)
                0x00000000080094c0                __malloc_lock
 .text.__malloc_unlock
                0x00000000080094cc        0xc c:/st/stm32cubeide_1.6.1/stm32cubeide/plugins/com.st.stm32cube.ide.mcu.externaltools.gnu-tools-for-stm32.9-2020-q2-update.win32_2.0.0.202105311346/tools/bin/../lib/gcc/arm-none-eabi/9.3.1/../../../../arm-none-eabi/lib/thumb/v7e-m+dp/hard\libc_nano.a(lib_a-mlock.o)
                0x00000000080094cc                __malloc_unlock
 .text._realloc_r
                0x00000000080094d8       0x4c c:/st/stm32cubeide_1.6.1/stm32cubeide/plugins/com.st.stm32cube.ide.mcu.externaltools.gnu-tools-for-stm32.9-2020-q2-update.win32_2.0.0.202105311346/tools/bin/../lib/gcc/arm-none-eabi/9.3.1/../../../../arm-none-eabi/lib/thumb/v7e-m+dp/hard\libc_nano.a(lib_a-nano-reallocr.o)
                0x00000000080094d8                _realloc_r
 .text.__sfputc_r
                0x0000000008009524       0x2e c:/st/stm32cubeide_1.6.1/stm32cubeide/plugins/com.st.stm32cube.ide.mcu.externaltools.gnu-tools-for-stm32.9-2020-q2-update.win32_2.0.0.202105311346/tools/bin/../lib/gcc/arm-none-eabi/9.3.1/../../../../arm-none-eabi/lib/thumb/v7e-m+dp/hard\libc_nano.a(lib_a-nano-vfprintf.o)
 .text.__sfputs_r
                0x0000000008009552       0x24 c:/st/stm32cubeide_1.6.1/stm32cubeide/plugins/com.st.stm32cube.ide.mcu.externaltools.gnu-tools-for-stm32.9-2020-q2-update.win32_2.0.0.202105311346/tools/bin/../lib/gcc/arm-none-eabi/9.3.1/../../../../arm-none-eabi/lib/thumb/v7e-m+dp/hard\libc_nano.a(lib_a-nano-vfprintf.o)
                0x0000000008009552                __sfputs_r
 *fill*         0x0000000008009576        0x2 
 .text._vfprintf_r
                0x0000000008009578      0x260 c:/st/stm32cubeide_1.6.1/stm32cubeide/plugins/com.st.stm32cube.ide.mcu.externaltools.gnu-tools-for-stm32.9-2020-q2-update.win32_2.0.0.202105311346/tools/bin/../lib/gcc/arm-none-eabi/9.3.1/../../../../arm-none-eabi/lib/thumb/v7e-m+dp/hard\libc_nano.a(lib_a-nano-vfprintf.o)
                0x0000000008009578                _vfprintf_r
                0x0000000008009578                _vfiprintf_r
 .text.__swbuf_r
                0x00000000080097d8       0xa4 c:/st/stm32cubeide_1.6.1/stm32cubeide/plugins/com.st.stm32cube.ide.mcu.externaltools.gnu-tools-for-stm32.9-2020-q2-update.win32_2.0.0.202105311346/tools/bin/../lib/gcc/arm-none-eabi/9.3.1/../../../../arm-none-eabi/lib/thumb/v7e-m+dp/hard\libc_nano.a(lib_a-wbuf.o)
                0x00000000080097d8                __swbuf_r
 .text.__ascii_wctomb
                0x000000000800987c       0x1a c:/st/stm32cubeide_1.6.1/stm32cubeide/plugins/com.st.stm32cube.ide.mcu.externaltools.gnu-tools-for-stm32.9-2020-q2-update.win32_2.0.0.202105311346/tools/bin/../lib/gcc/arm-none-eabi/9.3.1/../../../../arm-none-eabi/lib/thumb/v7e-m+dp/hard\libc_nano.a(lib_a-wctomb_r.o)
                0x000000000800987c                __ascii_wctomb
 *fill*         0x0000000008009896        0x2 
 .text.__swsetup_r
                0x0000000008009898       0xdc c:/st/stm32cubeide_1.6.1/stm32cubeide/plugins/com.st.stm32cube.ide.mcu.externaltools.gnu-tools-for-stm32.9-2020-q2-update.win32_2.0.0.202105311346/tools/bin/../lib/gcc/arm-none-eabi/9.3.1/../../../../arm-none-eabi/lib/thumb/v7e-m+dp/hard\libc_nano.a(lib_a-wsetup.o)
                0x0000000008009898                __swsetup_r
 .text.abort    0x0000000008009974        0xe c:/st/stm32cubeide_1.6.1/stm32cubeide/plugins/com.st.stm32cube.ide.mcu.externaltools.gnu-tools-for-stm32.9-2020-q2-update.win32_2.0.0.202105311346/tools/bin/../lib/gcc/arm-none-eabi/9.3.1/../../../../arm-none-eabi/lib/thumb/v7e-m+dp/hard\libc_nano.a(lib_a-abort.o)
                0x0000000008009974                abort
 *fill*         0x0000000008009982        0x2 
 .text.__sflush_r
                0x0000000008009984      0x10c c:/st/stm32cubeide_1.6.1/stm32cubeide/plugins/com.st.stm32cube.ide.mcu.externaltools.gnu-tools-for-stm32.9-2020-q2-update.win32_2.0.0.202105311346/tools/bin/../lib/gcc/arm-none-eabi/9.3.1/../../../../arm-none-eabi/lib/thumb/v7e-m+dp/hard\libc_nano.a(lib_a-fflush.o)
                0x0000000008009984                __sflush_r
 .text._fflush_r
                0x0000000008009a90       0x78 c:/st/stm32cubeide_1.6.1/stm32cubeide/plugins/com.st.stm32cube.ide.mcu.externaltools.gnu-tools-for-stm32.9-2020-q2-update.win32_2.0.0.202105311346/tools/bin/../lib/gcc/arm-none-eabi/9.3.1/../../../../arm-none-eabi/lib/thumb/v7e-m+dp/hard\libc_nano.a(lib_a-fflush.o)
                0x0000000008009a90                _fflush_r
 .text.std      0x0000000008009b08       0x48 c:/st/stm32cubeide_1.6.1/stm32cubeide/plugins/com.st.stm32cube.ide.mcu.externaltools.gnu-tools-for-stm32.9-2020-q2-update.win32_2.0.0.202105311346/tools/bin/../lib/gcc/arm-none-eabi/9.3.1/../../../../arm-none-eabi/lib/thumb/v7e-m+dp/hard\libc_nano.a(lib_a-findfp.o)
 .text._cleanup_r
                0x0000000008009b50        0xc c:/st/stm32cubeide_1.6.1/stm32cubeide/plugins/com.st.stm32cube.ide.mcu.externaltools.gnu-tools-for-stm32.9-2020-q2-update.win32_2.0.0.202105311346/tools/bin/../lib/gcc/arm-none-eabi/9.3.1/../../../../arm-none-eabi/lib/thumb/v7e-m+dp/hard\libc_nano.a(lib_a-findfp.o)
                0x0000000008009b50                _cleanup_r
 .text.__sfmoreglue
                0x0000000008009b5c       0x2c c:/st/stm32cubeide_1.6.1/stm32cubeide/plugins/com.st.stm32cube.ide.mcu.externaltools.gnu-tools-for-stm32.9-2020-q2-update.win32_2.0.0.202105311346/tools/bin/../lib/gcc/arm-none-eabi/9.3.1/../../../../arm-none-eabi/lib/thumb/v7e-m+dp/hard\libc_nano.a(lib_a-findfp.o)
                0x0000000008009b5c                __sfmoreglue
 .text.__sfp_lock_acquire
                0x0000000008009b88        0xc c:/st/stm32cubeide_1.6.1/stm32cubeide/plugins/com.st.stm32cube.ide.mcu.externaltools.gnu-tools-for-stm32.9-2020-q2-update.win32_2.0.0.202105311346/tools/bin/../lib/gcc/arm-none-eabi/9.3.1/../../../../arm-none-eabi/lib/thumb/v7e-m+dp/hard\libc_nano.a(lib_a-findfp.o)
                0x0000000008009b88                __sfp_lock_acquire
 .text.__sfp_lock_release
                0x0000000008009b94        0xc c:/st/stm32cubeide_1.6.1/stm32cubeide/plugins/com.st.stm32cube.ide.mcu.externaltools.gnu-tools-for-stm32.9-2020-q2-update.win32_2.0.0.202105311346/tools/bin/../lib/gcc/arm-none-eabi/9.3.1/../../../../arm-none-eabi/lib/thumb/v7e-m+dp/hard\libc_nano.a(lib_a-findfp.o)
                0x0000000008009b94                __sfp_lock_release
 .text.__sinit_lock_acquire
                0x0000000008009ba0        0xc c:/st/stm32cubeide_1.6.1/stm32cubeide/plugins/com.st.stm32cube.ide.mcu.externaltools.gnu-tools-for-stm32.9-2020-q2-update.win32_2.0.0.202105311346/tools/bin/../lib/gcc/arm-none-eabi/9.3.1/../../../../arm-none-eabi/lib/thumb/v7e-m+dp/hard\libc_nano.a(lib_a-findfp.o)
                0x0000000008009ba0                __sinit_lock_acquire
 .text.__sinit_lock_release
                0x0000000008009bac        0xc c:/st/stm32cubeide_1.6.1/stm32cubeide/plugins/com.st.stm32cube.ide.mcu.externaltools.gnu-tools-for-stm32.9-2020-q2-update.win32_2.0.0.202105311346/tools/bin/../lib/gcc/arm-none-eabi/9.3.1/../../../../arm-none-eabi/lib/thumb/v7e-m+dp/hard\libc_nano.a(lib_a-findfp.o)
                0x0000000008009bac                __sinit_lock_release
 .text.__sinit  0x0000000008009bb8       0x70 c:/st/stm32cubeide_1.6.1/stm32cubeide/plugins/com.st.stm32cube.ide.mcu.externaltools.gnu-tools-for-stm32.9-2020-q2-update.win32_2.0.0.202105311346/tools/bin/../lib/gcc/arm-none-eabi/9.3.1/../../../../arm-none-eabi/lib/thumb/v7e-m+dp/hard\libc_nano.a(lib_a-findfp.o)
                0x0000000008009bb8                __sinit
 .text.__sfp    0x0000000008009c28       0x8c c:/st/stm32cubeide_1.6.1/stm32cubeide/plugins/com.st.stm32cube.ide.mcu.externaltools.gnu-tools-for-stm32.9-2020-q2-update.win32_2.0.0.202105311346/tools/bin/../lib/gcc/arm-none-eabi/9.3.1/../../../../arm-none-eabi/lib/thumb/v7e-m+dp/hard\libc_nano.a(lib_a-findfp.o)
                0x0000000008009c28                __sfp
 .text._fwalk_reent
                0x0000000008009cb4       0x3e c:/st/stm32cubeide_1.6.1/stm32cubeide/plugins/com.st.stm32cube.ide.mcu.externaltools.gnu-tools-for-stm32.9-2020-q2-update.win32_2.0.0.202105311346/tools/bin/../lib/gcc/arm-none-eabi/9.3.1/../../../../arm-none-eabi/lib/thumb/v7e-m+dp/hard\libc_nano.a(lib_a-fwalk.o)
                0x0000000008009cb4                _fwalk_reent
 .text.__retarget_lock_init_recursive
                0x0000000008009cf2        0x2 c:/st/stm32cubeide_1.6.1/stm32cubeide/plugins/com.st.stm32cube.ide.mcu.externaltools.gnu-tools-for-stm32.9-2020-q2-update.win32_2.0.0.202105311346/tools/bin/../lib/gcc/arm-none-eabi/9.3.1/../../../../arm-none-eabi/lib/thumb/v7e-m+dp/hard\libc_nano.a(lib_a-lock.o)
                0x0000000008009cf2                __retarget_lock_init_recursive
 .text.__retarget_lock_acquire_recursive
                0x0000000008009cf4        0x2 c:/st/stm32cubeide_1.6.1/stm32cubeide/plugins/com.st.stm32cube.ide.mcu.externaltools.gnu-tools-for-stm32.9-2020-q2-update.win32_2.0.0.202105311346/tools/bin/../lib/gcc/arm-none-eabi/9.3.1/../../../../arm-none-eabi/lib/thumb/v7e-m+dp/hard\libc_nano.a(lib_a-lock.o)
                0x0000000008009cf4                __retarget_lock_acquire_recursive
 .text.__retarget_lock_release_recursive
                0x0000000008009cf6        0x2 c:/st/stm32cubeide_1.6.1/stm32cubeide/plugins/com.st.stm32cube.ide.mcu.externaltools.gnu-tools-for-stm32.9-2020-q2-update.win32_2.0.0.202105311346/tools/bin/../lib/gcc/arm-none-eabi/9.3.1/../../../../arm-none-eabi/lib/thumb/v7e-m+dp/hard\libc_nano.a(lib_a-lock.o)
                0x0000000008009cf6                __retarget_lock_release_recursive
 .text.__swhatbuf_r
                0x0000000008009cf8       0x48 c:/st/stm32cubeide_1.6.1/stm32cubeide/plugins/com.st.stm32cube.ide.mcu.externaltools.gnu-tools-for-stm32.9-2020-q2-update.win32_2.0.0.202105311346/tools/bin/../lib/gcc/arm-none-eabi/9.3.1/../../../../arm-none-eabi/lib/thumb/v7e-m+dp/hard\libc_nano.a(lib_a-makebuf.o)
                0x0000000008009cf8                __swhatbuf_r
 .text.__smakebuf_r
                0x0000000008009d40       0x80 c:/st/stm32cubeide_1.6.1/stm32cubeide/plugins/com.st.stm32cube.ide.mcu.externaltools.gnu-tools-for-stm32.9-2020-q2-update.win32_2.0.0.202105311346/tools/bin/../lib/gcc/arm-none-eabi/9.3.1/../../../../arm-none-eabi/lib/thumb/v7e-m+dp/hard\libc_nano.a(lib_a-makebuf.o)
                0x0000000008009d40                __smakebuf_r
 .text._malloc_usable_size_r
                0x0000000008009dc0       0x10 c:/st/stm32cubeide_1.6.1/stm32cubeide/plugins/com.st.stm32cube.ide.mcu.externaltools.gnu-tools-for-stm32.9-2020-q2-update.win32_2.0.0.202105311346/tools/bin/../lib/gcc/arm-none-eabi/9.3.1/../../../../arm-none-eabi/lib/thumb/v7e-m+dp/hard\libc_nano.a(lib_a-nano-msizer.o)
                0x0000000008009dc0                _malloc_usable_size_r
 .text._raise_r
                0x0000000008009dd0       0x50 c:/st/stm32cubeide_1.6.1/stm32cubeide/plugins/com.st.stm32cube.ide.mcu.externaltools.gnu-tools-for-stm32.9-2020-q2-update.win32_2.0.0.202105311346/tools/bin/../lib/gcc/arm-none-eabi/9.3.1/../../../../arm-none-eabi/lib/thumb/v7e-m+dp/hard\libc_nano.a(lib_a-signal.o)
                0x0000000008009dd0                _raise_r
 .text.raise    0x0000000008009e20       0x10 c:/st/stm32cubeide_1.6.1/stm32cubeide/plugins/com.st.stm32cube.ide.mcu.externaltools.gnu-tools-for-stm32.9-2020-q2-update.win32_2.0.0.202105311346/tools/bin/../lib/gcc/arm-none-eabi/9.3.1/../../../../arm-none-eabi/lib/thumb/v7e-m+dp/hard\libc_nano.a(lib_a-signal.o)
                0x0000000008009e20                raise
 .text._kill_r  0x0000000008009e30       0x24 c:/st/stm32cubeide_1.6.1/stm32cubeide/plugins/com.st.stm32cube.ide.mcu.externaltools.gnu-tools-for-stm32.9-2020-q2-update.win32_2.0.0.202105311346/tools/bin/../lib/gcc/arm-none-eabi/9.3.1/../../../../arm-none-eabi/lib/thumb/v7e-m+dp/hard\libc_nano.a(lib_a-signalr.o)
                0x0000000008009e30                _kill_r
 .text._getpid_r
                0x0000000008009e54        0x4 c:/st/stm32cubeide_1.6.1/stm32cubeide/plugins/com.st.stm32cube.ide.mcu.externaltools.gnu-tools-for-stm32.9-2020-q2-update.win32_2.0.0.202105311346/tools/bin/../lib/gcc/arm-none-eabi/9.3.1/../../../../arm-none-eabi/lib/thumb/v7e-m+dp/hard\libc_nano.a(lib_a-signalr.o)
                0x0000000008009e54                _getpid_r
 .text.__sread  0x0000000008009e58       0x22 c:/st/stm32cubeide_1.6.1/stm32cubeide/plugins/com.st.stm32cube.ide.mcu.externaltools.gnu-tools-for-stm32.9-2020-q2-update.win32_2.0.0.202105311346/tools/bin/../lib/gcc/arm-none-eabi/9.3.1/../../../../arm-none-eabi/lib/thumb/v7e-m+dp/hard\libc_nano.a(lib_a-stdio.o)
                0x0000000008009e58                __sread
 .text.__swrite
                0x0000000008009e7a       0x38 c:/st/stm32cubeide_1.6.1/stm32cubeide/plugins/com.st.stm32cube.ide.mcu.externaltools.gnu-tools-for-stm32.9-2020-q2-update.win32_2.0.0.202105311346/tools/bin/../lib/gcc/arm-none-eabi/9.3.1/../../../../arm-none-eabi/lib/thumb/v7e-m+dp/hard\libc_nano.a(lib_a-stdio.o)
                0x0000000008009e7a                __swrite
 .text.__sseek  0x0000000008009eb2       0x24 c:/st/stm32cubeide_1.6.1/stm32cubeide/plugins/com.st.stm32cube.ide.mcu.externaltools.gnu-tools-for-stm32.9-2020-q2-update.win32_2.0.0.202105311346/tools/bin/../lib/gcc/arm-none-eabi/9.3.1/../../../../arm-none-eabi/lib/thumb/v7e-m+dp/hard\libc_nano.a(lib_a-stdio.o)
                0x0000000008009eb2                __sseek
 .text.__sclose
                0x0000000008009ed6        0x8 c:/st/stm32cubeide_1.6.1/stm32cubeide/plugins/com.st.stm32cube.ide.mcu.externaltools.gnu-tools-for-stm32.9-2020-q2-update.win32_2.0.0.202105311346/tools/bin/../lib/gcc/arm-none-eabi/9.3.1/../../../../arm-none-eabi/lib/thumb/v7e-m+dp/hard\libc_nano.a(lib_a-stdio.o)
                0x0000000008009ed6                __sclose
 *fill*         0x0000000008009ede        0x2 
 .text._write_r
                0x0000000008009ee0       0x24 c:/st/stm32cubeide_1.6.1/stm32cubeide/plugins/com.st.stm32cube.ide.mcu.externaltools.gnu-tools-for-stm32.9-2020-q2-update.win32_2.0.0.202105311346/tools/bin/../lib/gcc/arm-none-eabi/9.3.1/../../../../arm-none-eabi/lib/thumb/v7e-m+dp/hard\libc_nano.a(lib_a-writer.o)
                0x0000000008009ee0                _write_r
 .text._close_r
                0x0000000008009f04       0x20 c:/st/stm32cubeide_1.6.1/stm32cubeide/plugins/com.st.stm32cube.ide.mcu.externaltools.gnu-tools-for-stm32.9-2020-q2-update.win32_2.0.0.202105311346/tools/bin/../lib/gcc/arm-none-eabi/9.3.1/../../../../arm-none-eabi/lib/thumb/v7e-m+dp/hard\libc_nano.a(lib_a-closer.o)
                0x0000000008009f04                _close_r
 .text._fstat_r
                0x0000000008009f24       0x24 c:/st/stm32cubeide_1.6.1/stm32cubeide/plugins/com.st.stm32cube.ide.mcu.externaltools.gnu-tools-for-stm32.9-2020-q2-update.win32_2.0.0.202105311346/tools/bin/../lib/gcc/arm-none-eabi/9.3.1/../../../../arm-none-eabi/lib/thumb/v7e-m+dp/hard\libc_nano.a(lib_a-fstatr.o)
                0x0000000008009f24                _fstat_r
 .text._isatty_r
                0x0000000008009f48       0x20 c:/st/stm32cubeide_1.6.1/stm32cubeide/plugins/com.st.stm32cube.ide.mcu.externaltools.gnu-tools-for-stm32.9-2020-q2-update.win32_2.0.0.202105311346/tools/bin/../lib/gcc/arm-none-eabi/9.3.1/../../../../arm-none-eabi/lib/thumb/v7e-m+dp/hard\libc_nano.a(lib_a-isattyr.o)
                0x0000000008009f48                _isatty_r
 .text._lseek_r
                0x0000000008009f68       0x24 c:/st/stm32cubeide_1.6.1/stm32cubeide/plugins/com.st.stm32cube.ide.mcu.externaltools.gnu-tools-for-stm32.9-2020-q2-update.win32_2.0.0.202105311346/tools/bin/../lib/gcc/arm-none-eabi/9.3.1/../../../../arm-none-eabi/lib/thumb/v7e-m+dp/hard\libc_nano.a(lib_a-lseekr.o)
                0x0000000008009f68                _lseek_r
 .text._read_r  0x0000000008009f8c       0x24 c:/st/stm32cubeide_1.6.1/stm32cubeide/plugins/com.st.stm32cube.ide.mcu.externaltools.gnu-tools-for-stm32.9-2020-q2-update.win32_2.0.0.202105311346/tools/bin/../lib/gcc/arm-none-eabi/9.3.1/../../../../arm-none-eabi/lib/thumb/v7e-m+dp/hard\libc_nano.a(lib_a-readr.o)
                0x0000000008009f8c                _read_r
 *(.glue_7)
 .glue_7        0x0000000008009fb0        0x0 linker stubs
 *(.glue_7t)
 .glue_7t       0x0000000008009fb0        0x0 linker stubs
 *(.eh_frame)
 .eh_frame      0x0000000008009fb0        0x0 c:/st/stm32cubeide_1.6.1/stm32cubeide/plugins/com.st.stm32cube.ide.mcu.externaltools.gnu-tools-for-stm32.9-2020-q2-update.win32_2.0.0.202105311346/tools/bin/../lib/gcc/arm-none-eabi/9.3.1/thumb/v7e-m+dp/hard/crtbegin.o
 *(.init)
 .init          0x0000000008009fb0        0x4 c:/st/stm32cubeide_1.6.1/stm32cubeide/plugins/com.st.stm32cube.ide.mcu.externaltools.gnu-tools-for-stm32.9-2020-q2-update.win32_2.0.0.202105311346/tools/bin/../lib/gcc/arm-none-eabi/9.3.1/thumb/v7e-m+dp/hard/crti.o
                0x0000000008009fb0                _init
 .init          0x0000000008009fb4        0x8 c:/st/stm32cubeide_1.6.1/stm32cubeide/plugins/com.st.stm32cube.ide.mcu.externaltools.gnu-tools-for-stm32.9-2020-q2-update.win32_2.0.0.202105311346/tools/bin/../lib/gcc/arm-none-eabi/9.3.1/thumb/v7e-m+dp/hard/crtn.o
 *(.fini)
 .fini          0x0000000008009fbc        0x4 c:/st/stm32cubeide_1.6.1/stm32cubeide/plugins/com.st.stm32cube.ide.mcu.externaltools.gnu-tools-for-stm32.9-2020-q2-update.win32_2.0.0.202105311346/tools/bin/../lib/gcc/arm-none-eabi/9.3.1/thumb/v7e-m+dp/hard/crti.o
                0x0000000008009fbc                _fini
 .fini          0x0000000008009fc0        0x8 c:/st/stm32cubeide_1.6.1/stm32cubeide/plugins/com.st.stm32cube.ide.mcu.externaltools.gnu-tools-for-stm32.9-2020-q2-update.win32_2.0.0.202105311346/tools/bin/../lib/gcc/arm-none-eabi/9.3.1/thumb/v7e-m+dp/hard/crtn.o
                0x0000000008009fc8                . = ALIGN (0x4)
                0x0000000008009fc8                _etext = .

.vfp11_veneer   0x0000000008009fc8        0x0
 .vfp11_veneer  0x0000000008009fc8        0x0 linker stubs

.v4_bx          0x0000000008009fc8        0x0
 .v4_bx         0x0000000008009fc8        0x0 linker stubs

.iplt           0x0000000008009fc8        0x0
 .iplt          0x0000000008009fc8        0x0 c:/st/stm32cubeide_1.6.1/stm32cubeide/plugins/com.st.stm32cube.ide.mcu.externaltools.gnu-tools-for-stm32.9-2020-q2-update.win32_2.0.0.202105311346/tools/bin/../lib/gcc/arm-none-eabi/9.3.1/thumb/v7e-m+dp/hard/crtbegin.o

.rodata         0x0000000008009fc8      0x674
                0x0000000008009fc8                . = ALIGN (0x4)
 *(.rodata)
 .rodata        0x0000000008009fc8       0x38 ./Core/Src/main.o
 *(.rodata*)
 .rodata.AHBPrescTable
                0x000000000800a000       0x10 ./Core/Src/system_stm32f7xx.o
                0x000000000800a000                AHBPrescTable
 .rodata.APBPrescTable
                0x000000000800a010        0x8 ./Core/Src/system_stm32f7xx.o
                0x000000000800a010                APBPrescTable
 .rodata.font   0x000000000800a018      0x240 ./Drivers/ILI9341/ILI9341_GFX.o
 .rodata._global_impure_ptr
                0x000000000800a258        0x4 c:/st/stm32cubeide_1.6.1/stm32cubeide/plugins/com.st.stm32cube.ide.mcu.externaltools.gnu-tools-for-stm32.9-2020-q2-update.win32_2.0.0.202105311346/tools/bin/../lib/gcc/arm-none-eabi/9.3.1/../../../../arm-none-eabi/lib/thumb/v7e-m+dp/hard\libc_nano.a(lib_a-impure.o)
                0x000000000800a258                _global_impure_ptr
 .rodata._printf_float.str1.1
                0x000000000800a25c       0x12 c:/st/stm32cubeide_1.6.1/stm32cubeide/plugins/com.st.stm32cube.ide.mcu.externaltools.gnu-tools-for-stm32.9-2020-q2-update.win32_2.0.0.202105311346/tools/bin/../lib/gcc/arm-none-eabi/9.3.1/../../../../arm-none-eabi/lib/thumb/v7e-m+dp/hard\libc_nano.a(lib_a-nano-vfprintf_float.o)
 .rodata._printf_i.str1.1
                0x000000000800a26e       0x22 c:/st/stm32cubeide_1.6.1/stm32cubeide/plugins/com.st.stm32cube.ide.mcu.externaltools.gnu-tools-for-stm32.9-2020-q2-update.win32_2.0.0.202105311346/tools/bin/../lib/gcc/arm-none-eabi/9.3.1/../../../../arm-none-eabi/lib/thumb/v7e-m+dp/hard\libc_nano.a(lib_a-nano-vfprintf_i.o)
 .rodata._dtoa_r.str1.1
                0x000000000800a290       0x94 c:/st/stm32cubeide_1.6.1/stm32cubeide/plugins/com.st.stm32cube.ide.mcu.externaltools.gnu-tools-for-stm32.9-2020-q2-update.win32_2.0.0.202105311346/tools/bin/../lib/gcc/arm-none-eabi/9.3.1/../../../../arm-none-eabi/lib/thumb/v7e-m+dp/hard\libc_nano.a(lib_a-dtoa.o)
                                         0x96 (size before relaxing)
 .rodata._Balloc.str1.1
                0x000000000800a324       0x60 c:/st/stm32cubeide_1.6.1/stm32cubeide/plugins/com.st.stm32cube.ide.mcu.externaltools.gnu-tools-for-stm32.9-2020-q2-update.win32_2.0.0.202105311346/tools/bin/../lib/gcc/arm-none-eabi/9.3.1/../../../../arm-none-eabi/lib/thumb/v7e-m+dp/hard\libc_nano.a(lib_a-mprec.o)
                                         0x77 (size before relaxing)
 .rodata.__multadd.str1.1
                0x000000000800a384       0x11 c:/st/stm32cubeide_1.6.1/stm32cubeide/plugins/com.st.stm32cube.ide.mcu.externaltools.gnu-tools-for-stm32.9-2020-q2-update.win32_2.0.0.202105311346/tools/bin/../lib/gcc/arm-none-eabi/9.3.1/../../../../arm-none-eabi/lib/thumb/v7e-m+dp/hard\libc_nano.a(lib_a-mprec.o)
 *fill*         0x000000000800a384        0x4 
 .rodata.__mprec_bigtens
                0x000000000800a388       0x28 c:/st/stm32cubeide_1.6.1/stm32cubeide/plugins/com.st.stm32cube.ide.mcu.externaltools.gnu-tools-for-stm32.9-2020-q2-update.win32_2.0.0.202105311346/tools/bin/../lib/gcc/arm-none-eabi/9.3.1/../../../../arm-none-eabi/lib/thumb/v7e-m+dp/hard\libc_nano.a(lib_a-mprec.o)
                0x000000000800a388                __mprec_bigtens
 .rodata.__mprec_tens
                0x000000000800a3b0       0xc8 c:/st/stm32cubeide_1.6.1/stm32cubeide/plugins/com.st.stm32cube.ide.mcu.externaltools.gnu-tools-for-stm32.9-2020-q2-update.win32_2.0.0.202105311346/tools/bin/../lib/gcc/arm-none-eabi/9.3.1/../../../../arm-none-eabi/lib/thumb/v7e-m+dp/hard\libc_nano.a(lib_a-mprec.o)
                0x000000000800a3b0                __mprec_tens
 .rodata.p05.7513
                0x000000000800a478        0xc c:/st/stm32cubeide_1.6.1/stm32cubeide/plugins/com.st.stm32cube.ide.mcu.externaltools.gnu-tools-for-stm32.9-2020-q2-update.win32_2.0.0.202105311346/tools/bin/../lib/gcc/arm-none-eabi/9.3.1/../../../../arm-none-eabi/lib/thumb/v7e-m+dp/hard\libc_nano.a(lib_a-mprec.o)
 .rodata._svfprintf_r.str1.1
                0x000000000800a484       0x11 c:/st/stm32cubeide_1.6.1/stm32cubeide/plugins/com.st.stm32cube.ide.mcu.externaltools.gnu-tools-for-stm32.9-2020-q2-update.win32_2.0.0.202105311346/tools/bin/../lib/gcc/arm-none-eabi/9.3.1/../../../../arm-none-eabi/lib/thumb/v7e-m+dp/hard\libc_nano.a(lib_a-nano-svfprintf.o)
 .rodata.__assert_func.str1.1
                0x000000000800a495       0x3c c:/st/stm32cubeide_1.6.1/stm32cubeide/plugins/com.st.stm32cube.ide.mcu.externaltools.gnu-tools-for-stm32.9-2020-q2-update.win32_2.0.0.202105311346/tools/bin/../lib/gcc/arm-none-eabi/9.3.1/../../../../arm-none-eabi/lib/thumb/v7e-m+dp/hard\libc_nano.a(lib_a-assert.o)
                                         0x3d (size before relaxing)
 .rodata._setlocale_r.str1.1
                0x000000000800a4d1        0x8 c:/st/stm32cubeide_1.6.1/stm32cubeide/plugins/com.st.stm32cube.ide.mcu.externaltools.gnu-tools-for-stm32.9-2020-q2-update.win32_2.0.0.202105311346/tools/bin/../lib/gcc/arm-none-eabi/9.3.1/../../../../arm-none-eabi/lib/thumb/v7e-m+dp/hard\libc_nano.a(lib_a-locale.o)
                                          0x9 (size before relaxing)
 .rodata.str1.1
                0x000000000800a4d9        0x2 c:/st/stm32cubeide_1.6.1/stm32cubeide/plugins/com.st.stm32cube.ide.mcu.externaltools.gnu-tools-for-stm32.9-2020-q2-update.win32_2.0.0.202105311346/tools/bin/../lib/gcc/arm-none-eabi/9.3.1/../../../../arm-none-eabi/lib/thumb/v7e-m+dp/hard\libc_nano.a(lib_a-locale.o)
 .rodata._vfprintf_r.str1.1
                0x000000000800a4db       0x11 c:/st/stm32cubeide_1.6.1/stm32cubeide/plugins/com.st.stm32cube.ide.mcu.externaltools.gnu-tools-for-stm32.9-2020-q2-update.win32_2.0.0.202105311346/tools/bin/../lib/gcc/arm-none-eabi/9.3.1/../../../../arm-none-eabi/lib/thumb/v7e-m+dp/hard\libc_nano.a(lib_a-nano-vfprintf.o)
 .rodata._ctype_
                0x000000000800a4db      0x101 c:/st/stm32cubeide_1.6.1/stm32cubeide/plugins/com.st.stm32cube.ide.mcu.externaltools.gnu-tools-for-stm32.9-2020-q2-update.win32_2.0.0.202105311346/tools/bin/../lib/gcc/arm-none-eabi/9.3.1/../../../../arm-none-eabi/lib/thumb/v7e-m+dp/hard\libc_nano.a(lib_a-ctype_.o)
                0x000000000800a4db                _ctype_
 .rodata.__sf_fake_stderr
                0x000000000800a5dc       0x20 c:/st/stm32cubeide_1.6.1/stm32cubeide/plugins/com.st.stm32cube.ide.mcu.externaltools.gnu-tools-for-stm32.9-2020-q2-update.win32_2.0.0.202105311346/tools/bin/../lib/gcc/arm-none-eabi/9.3.1/../../../../arm-none-eabi/lib/thumb/v7e-m+dp/hard\libc_nano.a(lib_a-findfp.o)
                0x000000000800a5dc                __sf_fake_stderr
 .rodata.__sf_fake_stdin
                0x000000000800a5fc       0x20 c:/st/stm32cubeide_1.6.1/stm32cubeide/plugins/com.st.stm32cube.ide.mcu.externaltools.gnu-tools-for-stm32.9-2020-q2-update.win32_2.0.0.202105311346/tools/bin/../lib/gcc/arm-none-eabi/9.3.1/../../../../arm-none-eabi/lib/thumb/v7e-m+dp/hard\libc_nano.a(lib_a-findfp.o)
                0x000000000800a5fc                __sf_fake_stdin
 .rodata.__sf_fake_stdout
                0x000000000800a61c       0x20 c:/st/stm32cubeide_1.6.1/stm32cubeide/plugins/com.st.stm32cube.ide.mcu.externaltools.gnu-tools-for-stm32.9-2020-q2-update.win32_2.0.0.202105311346/tools/bin/../lib/gcc/arm-none-eabi/9.3.1/../../../../arm-none-eabi/lib/thumb/v7e-m+dp/hard\libc_nano.a(lib_a-findfp.o)
                0x000000000800a61c                __sf_fake_stdout
                0x000000000800a63c                . = ALIGN (0x4)

.ARM.extab      0x000000000800a63c        0x0
                0x000000000800a63c                . = ALIGN (0x4)
 *(.ARM.extab* .gnu.linkonce.armextab.*)
                0x000000000800a63c                . = ALIGN (0x4)

.ARM            0x000000000800a63c        0x8
                0x000000000800a63c                . = ALIGN (0x4)
                0x000000000800a63c                __exidx_start = .
 *(.ARM.exidx*)
 .ARM.exidx     0x000000000800a63c        0x8 c:/st/stm32cubeide_1.6.1/stm32cubeide/plugins/com.st.stm32cube.ide.mcu.externaltools.gnu-tools-for-stm32.9-2020-q2-update.win32_2.0.0.202105311346/tools/bin/../lib/gcc/arm-none-eabi/9.3.1/thumb/v7e-m+dp/hard\libgcc.a(_udivmoddi4.o)
                0x000000000800a644                __exidx_end = .
                0x000000000800a644                . = ALIGN (0x4)

.rel.dyn        0x000000000800a644        0x0
 .rel.iplt      0x000000000800a644        0x0 c:/st/stm32cubeide_1.6.1/stm32cubeide/plugins/com.st.stm32cube.ide.mcu.externaltools.gnu-tools-for-stm32.9-2020-q2-update.win32_2.0.0.202105311346/tools/bin/../lib/gcc/arm-none-eabi/9.3.1/thumb/v7e-m+dp/hard/crtbegin.o

.preinit_array  0x000000000800a644        0x0
                0x000000000800a644                . = ALIGN (0x4)
                0x000000000800a644                PROVIDE (__preinit_array_start = .)
 *(.preinit_array*)
                0x000000000800a644                PROVIDE (__preinit_array_end = .)
                0x000000000800a644                . = ALIGN (0x4)

.init_array     0x000000000800a644        0x4
                0x000000000800a644                . = ALIGN (0x4)
                0x000000000800a644                PROVIDE (__init_array_start = .)
 *(SORT_BY_NAME(.init_array.*))
 *(.init_array*)
 .init_array    0x000000000800a644        0x4 c:/st/stm32cubeide_1.6.1/stm32cubeide/plugins/com.st.stm32cube.ide.mcu.externaltools.gnu-tools-for-stm32.9-2020-q2-update.win32_2.0.0.202105311346/tools/bin/../lib/gcc/arm-none-eabi/9.3.1/thumb/v7e-m+dp/hard/crtbegin.o
                0x000000000800a648                PROVIDE (__init_array_end = .)
                0x000000000800a648                . = ALIGN (0x4)

.fini_array     0x000000000800a648        0x4
                0x000000000800a648                . = ALIGN (0x4)
                [!provide]                        PROVIDE (__fini_array_start = .)
 *(SORT_BY_NAME(.fini_array.*))
 *(.fini_array*)
 .fini_array    0x000000000800a648        0x4 c:/st/stm32cubeide_1.6.1/stm32cubeide/plugins/com.st.stm32cube.ide.mcu.externaltools.gnu-tools-for-stm32.9-2020-q2-update.win32_2.0.0.202105311346/tools/bin/../lib/gcc/arm-none-eabi/9.3.1/thumb/v7e-m+dp/hard/crtbegin.o
                [!provide]                        PROVIDE (__fini_array_end = .)
                0x000000000800a64c                . = ALIGN (0x4)
                0x000000000800a64c                _sidata = LOADADDR (.data)

.data           0x0000000020000000      0x21c load address 0x000000000800a64c
                0x0000000020000000                . = ALIGN (0x4)
                0x0000000020000000                _sdata = .
 *(.data)
 *(.data*)
 .data.start    0x0000000020000000        0xa ./Core/Src/main.o
                0x0000000020000000                start
 *fill*         0x000000002000000a        0x2 
 .data.read     0x000000002000000c        0x8 ./Core/Src/main.o
                0x000000002000000c                read
 .data.secondNum
                0x0000000020000014        0x4 ./Core/Src/main.o
                0x0000000020000014                secondNum
 .data.minuteNum
                0x0000000020000018        0x4 ./Core/Src/main.o
                0x0000000020000018                minuteNum
 .data.hourNum  0x000000002000001c        0x4 ./Core/Src/main.o
                0x000000002000001c                hourNum
 .data.prevSecondNum
                0x0000000020000020        0x4 ./Core/Src/main.o
                0x0000000020000020                prevSecondNum
 .data.prevMinuteNum
                0x0000000020000024        0x4 ./Core/Src/main.o
                0x0000000020000024                prevMinuteNum
 .data.prevHourNum
                0x0000000020000028        0x4 ./Core/Src/main.o
                0x0000000020000028                prevHourNum
 .data.halfsecondState
                0x000000002000002c        0x1 ./Core/Src/main.o
                0x000000002000002c                halfsecondState
 *fill*         0x000000002000002d        0x1 
 .data.maxWidth
                0x000000002000002e        0x2 ./Core/Src/main.o
                0x000000002000002e                maxWidth
 .data.offsetWidth
                0x0000000020000030        0x2 ./Core/Src/main.o
                0x0000000020000030                offsetWidth
 .data.maxHeight
                0x0000000020000032        0x2 ./Core/Src/main.o
                0x0000000020000032                maxHeight
 .data.modeEdit
                0x0000000020000034        0x2 ./Core/Src/main.o
                0x0000000020000034                modeEdit
 .data.prevMode
                0x0000000020000036        0x2 ./Core/Src/main.o
                0x0000000020000036                prevMode
 .data.prevModeEdit
                0x0000000020000038        0x2 ./Core/Src/main.o
                0x0000000020000038                prevModeEdit
 *fill*         0x000000002000003a        0x2 
 .data.SystemCoreClock
                0x000000002000003c        0x4 ./Core/Src/system_stm32f7xx.o
                0x000000002000003c                SystemCoreClock
 .data.LCD_HEIGHT
                0x0000000020000040        0x2 ./Drivers/ILI9341/ILI9341_STM32_Driver.o
                0x0000000020000040                LCD_HEIGHT
 .data.LCD_WIDTH
                0x0000000020000042        0x2 ./Drivers/ILI9341/ILI9341_STM32_Driver.o
                0x0000000020000042                LCD_WIDTH
 .data.uwTickPrio
                0x0000000020000044        0x4 ./Drivers/STM32F7xx_HAL_Driver/Src/stm32f7xx_hal.o
                0x0000000020000044                uwTickPrio
 .data.uwTickFreq
                0x0000000020000048        0x1 ./Drivers/STM32F7xx_HAL_Driver/Src/stm32f7xx_hal.o
                0x0000000020000048                uwTickFreq
 *fill*         0x0000000020000049        0x3 
 .data._impure_ptr
                0x000000002000004c        0x4 c:/st/stm32cubeide_1.6.1/stm32cubeide/plugins/com.st.stm32cube.ide.mcu.externaltools.gnu-tools-for-stm32.9-2020-q2-update.win32_2.0.0.202105311346/tools/bin/../lib/gcc/arm-none-eabi/9.3.1/../../../../arm-none-eabi/lib/thumb/v7e-m+dp/hard\libc_nano.a(lib_a-impure.o)
                0x000000002000004c                _impure_ptr
 .data.impure_data
                0x0000000020000050       0x60 c:/st/stm32cubeide_1.6.1/stm32cubeide/plugins/com.st.stm32cube.ide.mcu.externaltools.gnu-tools-for-stm32.9-2020-q2-update.win32_2.0.0.202105311346/tools/bin/../lib/gcc/arm-none-eabi/9.3.1/../../../../arm-none-eabi/lib/thumb/v7e-m+dp/hard\libc_nano.a(lib_a-impure.o)
 .data.__global_locale
                0x00000000200000b0      0x16c c:/st/stm32cubeide_1.6.1/stm32cubeide/plugins/com.st.stm32cube.ide.mcu.externaltools.gnu-tools-for-stm32.9-2020-q2-update.win32_2.0.0.202105311346/tools/bin/../lib/gcc/arm-none-eabi/9.3.1/../../../../arm-none-eabi/lib/thumb/v7e-m+dp/hard\libc_nano.a(lib_a-locale.o)
                0x00000000200000b0                __global_locale
 *(.RamFunc)
 *(.RamFunc*)
                0x000000002000021c                . = ALIGN (0x4)
                0x000000002000021c                _edata = .

.igot.plt       0x000000002000021c        0x0 load address 0x000000000800a868
 .igot.plt      0x000000002000021c        0x0 c:/st/stm32cubeide_1.6.1/stm32cubeide/plugins/com.st.stm32cube.ide.mcu.externaltools.gnu-tools-for-stm32.9-2020-q2-update.win32_2.0.0.202105311346/tools/bin/../lib/gcc/arm-none-eabi/9.3.1/thumb/v7e-m+dp/hard/crtbegin.o
                0x000000002000021c                . = ALIGN (0x4)

.bss            0x000000002000021c      0x3b4 load address 0x000000000800a868
                0x000000002000021c                _sbss = .
                0x000000002000021c                __bss_start__ = _sbss
 *(.bss)
 .bss           0x000000002000021c       0x1c c:/st/stm32cubeide_1.6.1/stm32cubeide/plugins/com.st.stm32cube.ide.mcu.externaltools.gnu-tools-for-stm32.9-2020-q2-update.win32_2.0.0.202105311346/tools/bin/../lib/gcc/arm-none-eabi/9.3.1/thumb/v7e-m+dp/hard/crtbegin.o
 *(.bss*)
 .bss.millisecond
                0x0000000020000238        0x4 ./Core/Src/main.o
                0x0000000020000238                millisecond
 .bss.halfsecond
                0x000000002000023c        0x4 ./Core/Src/main.o
                0x000000002000023c                halfsecond
 .bss.initialState
                0x0000000020000240        0x1 ./Core/Src/main.o
                0x0000000020000240                initialState
 *fill*         0x0000000020000241        0x1 
 .bss.mode      0x0000000020000242        0x2 ./Core/Src/main.o
                0x0000000020000242                mode
 .bss.pressButton1
                0x0000000020000244        0x1 ./Core/Src/main.o
                0x0000000020000244                pressButton1
 .bss.pressButton2
                0x0000000020000245        0x1 ./Core/Src/main.o
                0x0000000020000245                pressButton2
 .bss.pressButton3
                0x0000000020000246        0x1 ./Core/Src/main.o
                0x0000000020000246                pressButton3
 .bss.pressButton4
                0x0000000020000247        0x1 ./Core/Src/main.o
                0x0000000020000247                pressButton4
 .bss.isPressButton1
                0x0000000020000248        0x1 ./Core/Src/main.o
                0x0000000020000248                isPressButton1
 .bss.isPressButton2
                0x0000000020000249        0x1 ./Core/Src/main.o
                0x0000000020000249                isPressButton2
 .bss.isPressButton3
                0x000000002000024a        0x1 ./Core/Src/main.o
                0x000000002000024a                isPressButton3
 .bss.isPressButton4
                0x000000002000024b        0x1 ./Core/Src/main.o
                0x000000002000024b                isPressButton4
 .bss.prevSecondCounter
                0x000000002000024c        0x2 ./Core/Src/main.o
                0x000000002000024c                prevSecondCounter
 *fill*         0x000000002000024e        0x2 
 .bss.millisecondHAL
                0x0000000020000250        0x4 ./Core/Src/main.o
                0x0000000020000250                millisecondHAL
 .bss.data.10599
                0x0000000020000254       0x46 ./Core/Src/main.o
 *fill*         0x000000002000029a        0x2 
 .bss.__sbrk_heap_end
                0x000000002000029c        0x4 ./Core/Src/sysmem.o
 .bss.__malloc_free_list
                0x00000000200002a0        0x4 c:/st/stm32cubeide_1.6.1/stm32cubeide/plugins/com.st.stm32cube.ide.mcu.externaltools.gnu-tools-for-stm32.9-2020-q2-update.win32_2.0.0.202105311346/tools/bin/../lib/gcc/arm-none-eabi/9.3.1/../../../../arm-none-eabi/lib/thumb/v7e-m+dp/hard\libc_nano.a(lib_a-nano-mallocr.o)
                0x00000000200002a0                __malloc_free_list
 .bss.__malloc_sbrk_start
                0x00000000200002a4        0x4 c:/st/stm32cubeide_1.6.1/stm32cubeide/plugins/com.st.stm32cube.ide.mcu.externaltools.gnu-tools-for-stm32.9-2020-q2-update.win32_2.0.0.202105311346/tools/bin/../lib/gcc/arm-none-eabi/9.3.1/../../../../arm-none-eabi/lib/thumb/v7e-m+dp/hard\libc_nano.a(lib_a-nano-mallocr.o)
                0x00000000200002a4                __malloc_sbrk_start
 *(COMMON)
 COMMON         0x00000000200002a8       0x4c ./Core/Src/i2c.o
                0x00000000200002a8                hi2c1
 COMMON         0x00000000200002f4       0x68 ./Core/Src/main.o
                0x00000000200002f4                cmdBuffer
                0x00000000200002f8                dataBuffer
                0x0000000020000300                str
                0x0000000020000334                Temp_Buffer_text
 COMMON         0x000000002000035c       0x10 ./Core/Src/rng.o
                0x000000002000035c                hrng
 COMMON         0x000000002000036c       0x64 ./Core/Src/spi.o
                0x000000002000036c                hspi5
 COMMON         0x00000000200003d0       0xe4 ./Core/Src/tim.o
                0x00000000200003d0                htim3
                0x000000002000041c                htim1
                0x0000000020000468                htim2
 COMMON         0x00000000200004b4      0x108 ./Core/Src/usart.o
                0x00000000200004b4                huart3