core_cm7.h:2229:22:SCB_EnableICache	4	static,ignoring_inline_asm
core_cm7.h:2281:22:SCB_EnableDCache	24	static,ignoring_inline_asm
sps30.h:17:6:println	48	static
sps30.h:24:6:print_whole_data_array	16	static
sps30.h:33:7:sensirion_bytes_to_float	24	static
sps30.h:46:10:wake_sensirion	16	static
sps30.h:72:8:read_sensirion	136	static
uart_to_mcu.h:4:6:sent_string_to_mcu	520	static
main.c:178:6:buzzerSound	40	static
main.c:248:6:saveData	8	static
main.c:266:6:readData	16	static
main.c:285:6:eraseAllData	16	static
main.c:295:6:checkResetData	8	static
main.c:303:6:setHorizontalScreen	16	static
main.c:308:6:check31Days	4	static
main.c:315:6:setDayOneIncrementMonth	16	static
main.c:323:6:setDayX	16	static
main.c:327:6:compareAlarmClock	40	static
main.c:339:6:alarmClockSound	4	static
main.c:345:6:calculationClock	8	static
main.c:451:6:dayScreen	24	static
main.c:465:6:dateScreen	24	static
main.c:478:6:monthScreen	24	static
main.c:491:6:yearScreen	24	static
main.c:506:6:displayDateScreen	8	static
main.c:513:6:displayAlarmIcon	32	static
main.c:530:6:topBarScreen	8	static
main.c:537:6:resetPrevNum	4	static
main.c:553:6:hourScreen	24	static
main.c:567:6:colonScreen	24	static
main.c:577:6:minuteScreen	24	static
main.c:591:6:secondScreen	24	static
main.c:606:6:displayClockScreen	8	static
main.c:620:6:staticClockScreen	8	static
main.c:628:6:editHourScreen	8	static
main.c:642:6:editMinuteScreen	8	static
main.c:655:6:editSecondScreen	8	static
main.c:670:6:editDayScreen	8	static
main.c:683:6:editDateScreen	8	static
main.c:696:6:editMonthScreen	8	static
main.c:709:6:editYearScreen	8	static
main.c:725:6:bottomBarScreen	40	static
main.c:751:6:bottomBarScreenUpdate	40	static
main.c:786:6:notifyPm	608	static
main.c:897:6:resisterMonitor	16	static
main.c:928:6:resetPrevStopWatch	4	static
main.c:934:6:resetStopWatch	8	static
main.c:942:6:displayStopWatchScreen	24	static
main.c:978:6:stopWatchScreen	24	static
main.c:1034:6:resetPrevAlarm	4	static
main.c:1039:6:hourAlarmScreen	24	static
main.c:1053:6:minuteAlarmScreen	24	static
main.c:1067:6:colonAlarmScreen	24	static
main.c:1072:6:alarmClockScreen	24	static
main.c:1090:6:editScreen	8	static
main.c:1107:6:editAlarmHourScreen	8	static
main.c:1119:6:editAlarmMinuteScreen	8	static
main.c:1129:6:editAlarmScreen	24	static
main.c:1169:6:tempMonitor	24	static
main.c:1212:5:main	64	static
main.c:1577:6:SystemClock_Config	232	static
main.c:1640:10:CRC16_2	24	static
main.c:1657:6:HAL_GPIO_EXTI_Callback	16	static
main.c:1675:6:Error_Handler	4	static
