core_cm7.h:2229:22:SCB_EnableICache	4	static,ignoring_inline_asm
core_cm7.h:2281:22:SCB_EnableDCache	24	static,ignoring_inline_asm
sps30.h:17:6:println	48	static
sps30.h:24:6:print_whole_data_array	16	static
sps30.h:33:7:sensirion_bytes_to_float	24	static
sps30.h:46:10:wake_sensirion	16	static
sps30.h:70:8:read_sensirion	168	static
uart_to_mcu.h:4:6:sent_string_to_mcu	520	static
main.c:154:6:saveData	8	static
main.c:167:6:readData	16	static
main.c:181:6:eraseAllData	16	static
main.c:191:6:checkResetData	8	static
main.c:199:6:setHorizontalScreen	16	static
main.c:204:6:check31Days	4	static
main.c:211:6:setDayOneIncrementMonth	16	static
main.c:219:6:setDayX	16	static
main.c:224:6:calculationClock	8	static
main.c:338:6:dayScreen	24	static
main.c:352:6:dateScreen	24	static
main.c:365:6:monthScreen	24	static
main.c:378:6:yearScreen	24	static
main.c:393:6:displayDateScreen	8	static
main.c:401:6:topBarScreen	24	static
main.c:416:6:resetPrevNum	4	static
main.c:432:6:hourScreen	24	static
main.c:446:6:colonScreen	24	static
main.c:456:6:minuteScreen	24	static
main.c:470:6:secondScreen	24	static
main.c:485:6:displayClockScreen	8	static
main.c:499:6:staticClockScreen	8	static
main.c:507:6:editHourScreen	8	static
main.c:521:6:editMinuteScreen	8	static
main.c:534:6:editSecondScreen	8	static
main.c:549:6:editDayScreen	8	static
main.c:562:6:editDateScreen	8	static
main.c:575:6:editMonthScreen	8	static
main.c:588:6:editYearScreen	8	static
main.c:604:6:bottomBarScreen	40	static
main.c:630:6:bottomBarScreenUpdate	40	static
main.c:666:6:buzzerSound	8	static
main.c:673:6:notifyPm	624	static
main.c:718:6:resetPrevStopWatch	4	static
main.c:724:6:resetStopWatch	8	static
main.c:732:6:displayStopWatchScreen	24	static
main.c:768:6:stopWatchScreen	24	static
main.c:829:6:tempMonitor	24	static
main.c:866:6:assignmentTwo	8	static
main.c:918:5:main	32	static
main.c:1177:6:SystemClock_Config	232	static
main.c:1240:10:CRC16_2	24	static
main.c:1257:6:HAL_GPIO_EXTI_Callback	16	static
main.c:1275:6:Error_Handler	4	static
